Archive member included to satisfy reference by file (symbol)

c:/program files (x86)/atmel/studio/7.0/toolchain/arm/arm-gnu-toolchain/bin/../lib/gcc/arm-none-eabi/6.3.1/thumb/v7-m\libgcc.a(_arm_addsubdf3.o)
                              Timer.o (__aeabi_ui2d)
c:/program files (x86)/atmel/studio/7.0/toolchain/arm/arm-gnu-toolchain/bin/../lib/gcc/arm-none-eabi/6.3.1/thumb/v7-m\libgcc.a(_arm_muldivdf3.o)
                              Timer.o (__aeabi_dmul)
c:/program files (x86)/atmel/studio/7.0/toolchain/arm/arm-gnu-toolchain/bin/../lib/gcc/arm-none-eabi/6.3.1/thumb/v7-m\libgcc.a(_arm_fixunsdfsi.o)
                              Timer.o (__aeabi_d2uiz)
c:/program files (x86)/atmel/studio/7.0/toolchain/arm/arm-gnu-toolchain/bin/../lib/gcc/arm-none-eabi/6.3.1/thumb/v7-m\libgcc.a(_arm_addsubsf3.o)
                              motor.o (__aeabi_fsub)
c:/program files (x86)/atmel/studio/7.0/toolchain/arm/arm-gnu-toolchain/bin/../lib/gcc/arm-none-eabi/6.3.1/thumb/v7-m\libgcc.a(_arm_muldivsf3.o)
                              motor.o (__aeabi_fmul)
c:/program files (x86)/atmel/studio/7.0/toolchain/arm/arm-gnu-toolchain/bin/../lib/gcc/arm-none-eabi/6.3.1/thumb/v7-m\libgcc.a(_arm_cmpsf2.o)
                              motor.o (__aeabi_fcmplt)
c:/program files (x86)/atmel/studio/7.0/toolchain/arm/arm-gnu-toolchain/bin/../lib/gcc/arm-none-eabi/6.3.1/thumb/v7-m\libgcc.a(_arm_fixsfsi.o)
                              motor.o (__aeabi_f2iz)
c:/program files (x86)/atmel/studio/7.0/toolchain/arm/arm-gnu-toolchain/bin/../lib/gcc/arm-none-eabi/6.3.1/../../../../arm-none-eabi/lib/thumb/v7-m\libc.a(lib_a-exit.o)
                              c:/program files (x86)/atmel/studio/7.0/toolchain/arm/arm-gnu-toolchain/bin/../lib/gcc/arm-none-eabi/6.3.1/../../../../arm-none-eabi/lib/thumb/v7-m/crt0.o (exit)
c:/program files (x86)/atmel/studio/7.0/toolchain/arm/arm-gnu-toolchain/bin/../lib/gcc/arm-none-eabi/6.3.1/../../../../arm-none-eabi/lib/thumb/v7-m\libc.a(lib_a-impure.o)
                              c:/program files (x86)/atmel/studio/7.0/toolchain/arm/arm-gnu-toolchain/bin/../lib/gcc/arm-none-eabi/6.3.1/../../../../arm-none-eabi/lib/thumb/v7-m\libc.a(lib_a-exit.o) (_global_impure_ptr)
c:/program files (x86)/atmel/studio/7.0/toolchain/arm/arm-gnu-toolchain/bin/../lib/gcc/arm-none-eabi/6.3.1/../../../../arm-none-eabi/lib/thumb/v7-m\libc.a(lib_a-init.o)
                              c:/program files (x86)/atmel/studio/7.0/toolchain/arm/arm-gnu-toolchain/bin/../lib/gcc/arm-none-eabi/6.3.1/../../../../arm-none-eabi/lib/thumb/v7-m/crt0.o (__libc_init_array)
c:/program files (x86)/atmel/studio/7.0/toolchain/arm/arm-gnu-toolchain/bin/../lib/gcc/arm-none-eabi/6.3.1/../../../../arm-none-eabi/lib/thumb/v7-m\libc.a(lib_a-memset.o)
                              c:/program files (x86)/atmel/studio/7.0/toolchain/arm/arm-gnu-toolchain/bin/../lib/gcc/arm-none-eabi/6.3.1/../../../../arm-none-eabi/lib/thumb/v7-m/crt0.o (memset)
c:/program files (x86)/atmel/studio/7.0/toolchain/arm/arm-gnu-toolchain/bin/../lib/gcc/arm-none-eabi/6.3.1/../../../../arm-none-eabi/lib/thumb/v7-m\libc.a(lib_a-__call_atexit.o)
                              c:/program files (x86)/atmel/studio/7.0/toolchain/arm/arm-gnu-toolchain/bin/../lib/gcc/arm-none-eabi/6.3.1/../../../../arm-none-eabi/lib/thumb/v7-m\libc.a(lib_a-exit.o) (__call_exitprocs)
c:/program files (x86)/atmel/studio/7.0/toolchain/arm/arm-gnu-toolchain/bin/../lib/gcc/arm-none-eabi/6.3.1/../../../../arm-none-eabi/lib/thumb/v7-m\libc.a(lib_a-atexit.o)
                              c:/program files (x86)/atmel/studio/7.0/toolchain/arm/arm-gnu-toolchain/bin/../lib/gcc/arm-none-eabi/6.3.1/../../../../arm-none-eabi/lib/thumb/v7-m\libc.a(lib_a-__call_atexit.o) (atexit)
c:/program files (x86)/atmel/studio/7.0/toolchain/arm/arm-gnu-toolchain/bin/../lib/gcc/arm-none-eabi/6.3.1/../../../../arm-none-eabi/lib/thumb/v7-m\libc.a(lib_a-fini.o)
                              c:/program files (x86)/atmel/studio/7.0/toolchain/arm/arm-gnu-toolchain/bin/../lib/gcc/arm-none-eabi/6.3.1/../../../../arm-none-eabi/lib/thumb/v7-m\libc.a(lib_a-__call_atexit.o) (__libc_fini_array)
c:/program files (x86)/atmel/studio/7.0/toolchain/arm/arm-gnu-toolchain/bin/../lib/gcc/arm-none-eabi/6.3.1/../../../../arm-none-eabi/lib/thumb/v7-m\libc.a(lib_a-lock.o)
                              c:/program files (x86)/atmel/studio/7.0/toolchain/arm/arm-gnu-toolchain/bin/../lib/gcc/arm-none-eabi/6.3.1/../../../../arm-none-eabi/lib/thumb/v7-m\libc.a(lib_a-__call_atexit.o) (__retarget_lock_acquire_recursive)
c:/program files (x86)/atmel/studio/7.0/toolchain/arm/arm-gnu-toolchain/bin/../lib/gcc/arm-none-eabi/6.3.1/../../../../arm-none-eabi/lib/thumb/v7-m\libc.a(lib_a-__atexit.o)
                              c:/program files (x86)/atmel/studio/7.0/toolchain/arm/arm-gnu-toolchain/bin/../lib/gcc/arm-none-eabi/6.3.1/../../../../arm-none-eabi/lib/thumb/v7-m\libc.a(lib_a-atexit.o) (__register_exitproc)

Allocating common symbols
Common symbol       size              file

[...]
Memory Configuration

Name             Origin             Length             Attributes
rom              0x00080000         0x00080000         xr
ram              0x20000000         0x00018000         xrw
*default*        0x00000000         0xffffffff

Linker script and memory map

LOAD c:/program files (x86)/atmel/studio/7.0/toolchain/arm/arm-gnu-toolchain/bin/../lib/gcc/arm-none-eabi/6.3.1/thumb/v7-m/crti.o
LOAD c:/program files (x86)/atmel/studio/7.0/toolchain/arm/arm-gnu-toolchain/bin/../lib/gcc/arm-none-eabi/6.3.1/thumb/v7-m/crtbegin.o
LOAD c:/program files (x86)/atmel/studio/7.0/toolchain/arm/arm-gnu-toolchain/bin/../lib/gcc/arm-none-eabi/6.3.1/../../../../arm-none-eabi/lib/thumb/v7-m/crt0.o
LOAD Analog_IO.o
LOAD can/can_controller.o
LOAD can/can_interrupt.o
LOAD Device_Startup/startup_sam3xa.o
LOAD Device_Startup/system_sam3xa.o
LOAD IO.o
LOAD main.o
LOAD motor.o
LOAD PWM.o
LOAD Timer.o
LOAD uart_and_printf/printf_stdarg.o
LOAD uart_and_printf/uart.o
START GROUP
LOAD c:/program files (x86)/atmel/studio/7.0/toolchain/arm/arm-gnu-toolchain/bin/../lib/gcc/arm-none-eabi/6.3.1/../../../../arm-none-eabi/lib/thumb/v7-m\libm.a
END GROUP
START GROUP
LOAD c:/program files (x86)/atmel/studio/7.0/toolchain/arm/arm-gnu-toolchain/bin/../lib/gcc/arm-none-eabi/6.3.1/thumb/v7-m\libgcc.a
LOAD c:/program files (x86)/atmel/studio/7.0/toolchain/arm/arm-gnu-toolchain/bin/../lib/gcc/arm-none-eabi/6.3.1/../../../../arm-none-eabi/lib/thumb/v7-m\libc.a
END GROUP
LOAD c:/program files (x86)/atmel/studio/7.0/toolchain/arm/arm-gnu-toolchain/bin/../lib/gcc/arm-none-eabi/6.3.1/thumb/v7-m/crtend.o
LOAD c:/program files (x86)/atmel/studio/7.0/toolchain/arm/arm-gnu-toolchain/bin/../lib/gcc/arm-none-eabi/6.3.1/thumb/v7-m/crtn.o
                0x00000400                STACK_SIZE = DEFINED (STACK_SIZE)?STACK_SIZE:0x400
                0x00000200                HEAP_SIZE = DEFINED (HEAP_SIZE)?HEAP_SIZE:0x200

.text           0x00080000     0x1fa0
                0x00080000                . = ALIGN (0x4)
                0x00080000                _sfixed = .
 *(.vectors .vectors.*)
 .vectors       0x00080000       0xf4 Device_Startup/startup_sam3xa.o
                0x00080000                exception_table
 *(.text .text.* .gnu.linkonce.t.*)
 .text          0x000800f4       0x6c c:/program files (x86)/atmel/studio/7.0/toolchain/arm/arm-gnu-toolchain/bin/../lib/gcc/arm-none-eabi/6.3.1/thumb/v7-m/crtbegin.o
 .text.Analog_IO_init
                0x00080160       0x6c Analog_IO.o
                0x00080160                Analog_IO_init
 .text.IR_detection
                0x000801cc       0x14 Analog_IO.o
                0x000801cc                IR_detection
 .text.set_analog_value
                0x000801e0       0x14 Analog_IO.o
                0x000801e0                set_analog_value
 .text.can_init
                0x000801f4       0xf0 can/can_controller.o
                0x000801f4                can_init
 .text.can_init_def_tx_rx_mb
                0x000802e4       0x10 can/can_controller.o
                0x000802e4                can_init_def_tx_rx_mb
 .text.can_send
                0x000802f4       0x8c can/can_controller.o
                0x000802f4                can_send
 .text.can_receive
                0x00080380       0x84 can/can_controller.o
                0x00080380                can_receive
 .text.CAN0_Handler
                0x00080404       0xe0 can/can_interrupt.o
                0x00080404                CAN0_Handler
 .text.Dummy_Handler
                0x000804e4        0x2 Device_Startup/startup_sam3xa.o
                0x000804e4                DACC_Handler
                0x000804e4                DebugMon_Handler
                0x000804e4                DMAC_Handler
                0x000804e4                TRNG_Handler
                0x000804e4                HardFault_Handler
                0x000804e4                TC2_Handler
                0x000804e4                SysTick_Handler
                0x000804e4                USART3_Handler
                0x000804e4                TWI1_Handler
                0x000804e4                PendSV_Handler
                0x000804e4                NMI_Handler
                0x000804e4                TC7_Handler
                0x000804e4                ADC_Handler
                0x000804e4                SMC_Handler
                0x000804e4                USART0_Handler
                0x000804e4                RTT_Handler
                0x000804e4                EFC1_Handler
                0x000804e4                PIOB_Handler
                0x000804e4                RTC_Handler
                0x000804e4                UsageFault_Handler
                0x000804e4                TC6_Handler
                0x000804e4                WDT_Handler
                0x000804e4                TC4_Handler
                0x000804e4                TC1_Handler
                0x000804e4                HSMCI_Handler
                0x000804e4                TC3_Handler
                0x000804e4                Dummy_Handler
                0x000804e4                TWI0_Handler
                0x000804e4                USART1_Handler
                0x000804e4                PIOA_Handler
                0x000804e4                SSC_Handler
                0x000804e4                EFC0_Handler
                0x000804e4                PMC_Handler
                0x000804e4                PWM_Handler
                0x000804e4                CAN1_Handler
                0x000804e4                MemManage_Handler
                0x000804e4                SUPC_Handler
                0x000804e4                SVC_Handler
                0x000804e4                TC8_Handler
                0x000804e4                USART2_Handler
                0x000804e4                PIOD_Handler
                0x000804e4                EMAC_Handler
                0x000804e4                PIOC_Handler
                0x000804e4                BusFault_Handler
                0x000804e4                RSTC_Handler
                0x000804e4                TC5_Handler
                0x000804e4                UOTGHS_Handler
                0x000804e4                SPI0_Handler
 *fill*         0x000804e6        0x2 
 .text.Reset_Handler
                0x000804e8       0x88 Device_Startup/startup_sam3xa.o
                0x000804e8                Reset_Handler
 .text.SystemInit
                0x00080570       0xa4 Device_Startup/system_sam3xa.o
                0x00080570                SystemInit
 .text.IO_Init  0x00080614      0x100 IO.o
                0x00080614                IO_Init
 .text.main     0x00080714      0x10c main.o
                0x00080714                main
 .text.read_encoder
                0x00080820       0x4c motor.o
                0x00080820                read_encoder
 .text.reset_encoder
                0x0008086c       0x34 motor.o
                0x0008086c                reset_encoder
 .text.set_motor_speed
                0x000808a0       0x40 motor.o
                0x000808a0                set_motor_speed
 .text.motor_init
                0x000808e0       0x80 motor.o
                0x000808e0                motor_init
 .text.update_pos_ref
                0x00080960       0x3c motor.o
                0x00080960                update_pos_ref
 .text.PID_regulator
                0x0008099c       0xbc motor.o
                0x0008099c                PID_regulator
 .text.PWM_init
                0x00080a58       0x68 PWM.o
                0x00080a58                PWM_init
 .text.set_servo_pos
                0x00080ac0       0x2c PWM.o
                0x00080ac0                set_servo_pos
 .text._delay_us
                0x00080aec       0x44 Timer.o
                0x00080aec                _delay_us
 .text._delay_ms
                0x00080b30       0x20 Timer.o
                0x00080b30                _delay_ms
 .text.Timer_init
                0x00080b50       0x68 Timer.o
                0x00080b50                Timer_init
 .text.TC0_Handler
                0x00080bb8       0x20 Timer.o
                0x00080bb8                TC0_Handler
 .text.prints   0x00080bd8       0xac uart_and_printf/printf_stdarg.o
 .text.printi   0x00080c84       0xbc uart_and_printf/printf_stdarg.o
 .text.print    0x00080d40      0x160 uart_and_printf/printf_stdarg.o
 .text.printf   0x00080ea0       0x24 uart_and_printf/printf_stdarg.o
                0x00080ea0                printf
 .text.configure_uart
                0x00080ec4       0x68 uart_and_printf/uart.o
                0x00080ec4                configure_uart
 .text.uart_putchar
                0x00080f2c       0x24 uart_and_printf/uart.o
                0x00080f2c                uart_putchar
 .text.UART_Handler
                0x00080f50       0x68 uart_and_printf/uart.o
                0x00080f50                UART_Handler
 .text          0x00080fb8      0x370 c:/program files (x86)/atmel/studio/7.0/toolchain/arm/arm-gnu-toolchain/bin/../lib/gcc/arm-none-eabi/6.3.1/thumb/v7-m\libgcc.a(_arm_addsubdf3.o)
                0x00080fb8                __aeabi_drsub
                0x00080fc0                __aeabi_dsub
                0x00080fc0                __subdf3
                0x00080fc4                __aeabi_dadd
                0x00080fc4                __adddf3
                0x0008123c                __floatunsidf
                0x0008123c                __aeabi_ui2d
                0x0008125c                __floatsidf
                0x0008125c                __aeabi_i2d
                0x00081280                __aeabi_f2d
                0x00081280                __extendsfdf2
                0x000812bc                __floatundidf
                0x000812bc                __aeabi_ul2d
                0x000812cc                __floatdidf
                0x000812cc                __aeabi_l2d
 .text          0x00081328      0x424 c:/program files (x86)/atmel/studio/7.0/toolchain/arm/arm-gnu-toolchain/bin/../lib/gcc/arm-none-eabi/6.3.1/thumb/v7-m\libgcc.a(_arm_muldivdf3.o)
                0x00081328                __aeabi_dmul
                0x00081328                __muldf3
                0x0008157c                __divdf3
                0x0008157c                __aeabi_ddiv
 .text          0x0008174c       0x40 c:/program files (x86)/atmel/studio/7.0/toolchain/arm/arm-gnu-toolchain/bin/../lib/gcc/arm-none-eabi/6.3.1/thumb/v7-m\libgcc.a(_arm_fixunsdfsi.o)
                0x0008174c                __aeabi_d2uiz
                0x0008174c                __fixunsdfsi
 .text          0x0008178c      0x21c c:/program files (x86)/atmel/studio/7.0/toolchain/arm/arm-gnu-toolchain/bin/../lib/gcc/arm-none-eabi/6.3.1/thumb/v7-m\libgcc.a(_arm_addsubsf3.o)
                0x0008178c                __aeabi_frsub
                0x00081794                __subsf3
                0x00081794                __aeabi_fsub
                0x00081798                __aeabi_fadd
                0x00081798                __addsf3
                0x000818f8                __aeabi_ui2f
                0x000818f8                __floatunsisf
                0x00081900                __aeabi_i2f
                0x00081900                __floatsisf
                0x0008191c                __aeabi_ul2f
                0x0008191c                __floatundisf
                0x0008192c                __aeabi_l2f
                0x0008192c                __floatdisf
 .text          0x000819a8      0x2a0 c:/program files (x86)/atmel/studio/7.0/toolchain/arm/arm-gnu-toolchain/bin/../lib/gcc/arm-none-eabi/6.3.1/thumb/v7-m\libgcc.a(_arm_muldivsf3.o)
                0x000819a8                __mulsf3
                0x000819a8                __aeabi_fmul
                0x00081b10                __aeabi_fdiv
                0x00081b10                __divsf3
 .text          0x00081c48       0xec c:/program files (x86)/atmel/studio/7.0/toolchain/arm/arm-gnu-toolchain/bin/../lib/gcc/arm-none-eabi/6.3.1/thumb/v7-m\libgcc.a(_arm_cmpsf2.o)
                0x00081c48                __gesf2
                0x00081c48                __gtsf2
                0x00081c50                __lesf2
                0x00081c50                __ltsf2
                0x00081c58                __nesf2
                0x00081c58                __eqsf2
                0x00081c58                __cmpsf2
                0x00081cb8                __aeabi_cfrcmple
                0x00081cc0                __aeabi_cfcmpeq
                0x00081cc0                __aeabi_cfcmple
                0x00081cd0                __aeabi_fcmpeq
                0x00081ce4                __aeabi_fcmplt
                0x00081cf8                __aeabi_fcmple
                0x00081d0c                __aeabi_fcmpge
                0x00081d20                __aeabi_fcmpgt
 .text          0x00081d34       0x4c c:/program files (x86)/atmel/studio/7.0/toolchain/arm/arm-gnu-toolchain/bin/../lib/gcc/arm-none-eabi/6.3.1/thumb/v7-m\libgcc.a(_arm_fixsfsi.o)
                0x00081d34                __aeabi_f2iz
                0x00081d34                __fixsfsi
 .text.__libc_init_array
                0x00081d80       0x50 c:/program files (x86)/atmel/studio/7.0/toolchain/arm/arm-gnu-toolchain/bin/../lib/gcc/arm-none-eabi/6.3.1/../../../../arm-none-eabi/lib/thumb/v7-m\libc.a(lib_a-init.o)
                0x00081d80                __libc_init_array
 .text.startup.register_fini
                0x00081dd0       0x14 c:/program files (x86)/atmel/studio/7.0/toolchain/arm/arm-gnu-toolchain/bin/../lib/gcc/arm-none-eabi/6.3.1/../../../../arm-none-eabi/lib/thumb/v7-m\libc.a(lib_a-__call_atexit.o)
 .text.atexit   0x00081de4        0xc c:/program files (x86)/atmel/studio/7.0/toolchain/arm/arm-gnu-toolchain/bin/../lib/gcc/arm-none-eabi/6.3.1/../../../../arm-none-eabi/lib/thumb/v7-m\libc.a(lib_a-atexit.o)
                0x00081de4                atexit
 .text.__libc_fini_array
                0x00081df0       0x34 c:/program files (x86)/atmel/studio/7.0/toolchain/arm/arm-gnu-toolchain/bin/../lib/gcc/arm-none-eabi/6.3.1/../../../../arm-none-eabi/lib/thumb/v7-m\libc.a(lib_a-fini.o)
                0x00081df0                __libc_fini_array
 .text.__retarget_lock_acquire_recursive
                0x00081e24        0x4 c:/program files (x86)/atmel/studio/7.0/toolchain/arm/arm-gnu-toolchain/bin/../lib/gcc/arm-none-eabi/6.3.1/../../../../arm-none-eabi/lib/thumb/v7-m\libc.a(lib_a-lock.o)
                0x00081e24                __retarget_lock_acquire_recursive
 .text.__retarget_lock_release_recursive
                0x00081e28        0x4 c:/program files (x86)/atmel/studio/7.0/toolchain/arm/arm-gnu-toolchain/bin/../lib/gcc/arm-none-eabi/6.3.1/../../../../arm-none-eabi/lib/thumb/v7-m\libc.a(lib_a-lock.o)
                0x00081e28                __retarget_lock_release_recursive
 .text.__register_exitproc
                0x00081e2c       0xc4 c:/program files (x86)/atmel/studio/7.0/toolchain/arm/arm-gnu-toolchain/bin/../lib/gcc/arm-none-eabi/6.3.1/../../../../arm-none-eabi/lib/thumb/v7-m\libc.a(lib_a-__atexit.o)
                0x00081e2c                __register_exitproc
 *(.glue_7t)
 .glue_7t       0x00081ef0        0x0 linker stubs
 *(.glue_7)
 .glue_7        0x00081ef0        0x0 linker stubs
 *(.rodata .rodata* .gnu.linkonce.r.*)
 .rodata.str1.4
                0x00081ef0       0x2b can/can_interrupt.o
 *fill*         0x00081f1b        0x1 
 .rodata.str1.4
                0x00081f1c       0x31 main.o
 *fill*         0x00081f4d        0x3 
 .rodata.str1.4
                0x00081f50        0x7 uart_and_printf/printf_stdarg.o
 *fill*         0x00081f57        0x1 
 .rodata.str1.4
                0x00081f58       0x20 uart_and_printf/uart.o
                                 0x1e (size before relaxing)
 .rodata._global_impure_ptr
                0x00081f78        0x4 c:/program files (x86)/atmel/studio/7.0/toolchain/arm/arm-gnu-toolchain/bin/../lib/gcc/arm-none-eabi/6.3.1/../../../../arm-none-eabi/lib/thumb/v7-m\libc.a(lib_a-impure.o)
                0x00081f78                _global_impure_ptr
 *(.ARM.extab* .gnu.linkonce.armextab.*)
                0x00081f7c                . = ALIGN (0x4)
 *(.init)
 .init          0x00081f7c        0x4 c:/program files (x86)/atmel/studio/7.0/toolchain/arm/arm-gnu-toolchain/bin/../lib/gcc/arm-none-eabi/6.3.1/thumb/v7-m/crti.o
                0x00081f7c                _init
 .init          0x00081f80        0x8 c:/program files (x86)/atmel/studio/7.0/toolchain/arm/arm-gnu-toolchain/bin/../lib/gcc/arm-none-eabi/6.3.1/thumb/v7-m/crtn.o
                0x00081f88                . = ALIGN (0x4)
                0x00081f88                __preinit_array_start = .
 *(.preinit_array)
                0x00081f88                __preinit_array_end = .
                0x00081f88                . = ALIGN (0x4)
                0x00081f88                __init_array_start = .
 *(SORT(.init_array.*))
 .init_array.00000
                0x00081f88        0x4 c:/program files (x86)/atmel/studio/7.0/toolchain/arm/arm-gnu-toolchain/bin/../lib/gcc/arm-none-eabi/6.3.1/../../../../arm-none-eabi/lib/thumb/v7-m\libc.a(lib_a-__call_atexit.o)
 *(.init_array)
 .init_array    0x00081f8c        0x4 c:/program files (x86)/atmel/studio/7.0/toolchain/arm/arm-gnu-toolchain/bin/../lib/gcc/arm-none-eabi/6.3.1/thumb/v7-m/crtbegin.o
                0x00081f90                __init_array_end = .
                0x00081f90                . = ALIGN (0x4)
 *crtbegin.o(.ctors)
 *(EXCLUDE_FILE(*crtend.o) .ctors)
 *(SORT(.ctors.*))
 *crtend.o(.ctors)
                0x00081f90                . = ALIGN (0x4)
 *(.fini)
 .fini          0x00081f90        0x4 c:/program files (x86)/atmel/studio/7.0/toolchain/arm/arm-gnu-toolchain/bin/../lib/gcc/arm-none-eabi/6.3.1/thumb/v7-m/crti.o
                0x00081f90                _fini
 .fini          0x00081f94        0x8 c:/program files (x86)/atmel/studio/7.0/toolchain/arm/arm-gnu-toolchain/bin/../lib/gcc/arm-none-eabi/6.3.1/thumb/v7-m/crtn.o
                0x00081f9c                . = ALIGN (0x4)
                0x00081f9c                __fini_array_start = .
 *(.fini_array)
 .fini_array    0x00081f9c        0x4 c:/program files (x86)/atmel/studio/7.0/toolchain/arm/arm-gnu-toolchain/bin/../lib/gcc/arm-none-eabi/6.3.1/thumb/v7-m/crtbegin.o
 *(SORT(.fini_array.*))
                0x00081fa0                __fini_array_end = .
 *crtbegin.o(.dtors)
 *(EXCLUDE_FILE(*crtend.o) .dtors)
 *(SORT(.dtors.*))
 *crtend.o(.dtors)
                0x00081fa0                . = ALIGN (0x4)
                0x00081fa0                _efixed = .
                [!provide]                PROVIDE (__exidx_start, .)

.vfp11_veneer   0x00081fa0        0x0
 .vfp11_veneer  0x00081fa0        0x0 linker stubs

.v4_bx          0x00081fa0        0x0
 .v4_bx         0x00081fa0        0x0 linker stubs

.iplt           0x00081fa0        0x0
 .iplt          0x00081fa0        0x0 c:/program files (x86)/atmel/studio/7.0/toolchain/arm/arm-gnu-toolchain/bin/../lib/gcc/arm-none-eabi/6.3.1/thumb/v7-m/crtbegin.o

.eh_frame       0x00081fa0        0x0
 .eh_frame      0x00081fa0        0x0 c:/program files (x86)/atmel/studio/7.0/toolchain/arm/arm-gnu-toolchain/bin/../lib/gcc/arm-none-eabi/6.3.1/thumb/v7-m/crtbegin.o

.rel.dyn        0x00081fa0        0x0
 .rel.iplt      0x00081fa0        0x0 c:/program files (x86)/atmel/studio/7.0/toolchain/arm/arm-gnu-toolchain/bin/../lib/gcc/arm-none-eabi/6.3.1/thumb/v7-m/crtbegin.o

.jcr            0x00081fa0        0x0
 .jcr           0x00081fa0        0x0 c:/program files (x86)/atmel/studio/7.0/toolchain/arm/arm-gnu-toolchain/bin/../lib/gcc/arm-none-eabi/6.3.1/thumb/v7-m/crtbegin.o

.igot.plt       0x00081fa0        0x0
 .igot.plt      0x00081fa0        0x0 c:/program files (x86)/atmel/studio/7.0/toolchain/arm/arm-gnu-toolchain/bin/../lib/gcc/arm-none-eabi/6.3.1/thumb/v7-m/crtbegin.o

.ARM.exidx
 *(.ARM.exidx* .gnu.linkonce.armexidx.*)
                [!provide]                PROVIDE (__exidx_end, .)
                0x00081fa0                . = ALIGN (0x4)
                0x00081fa0                _etext = .

.relocate       0x20000000      0x434 load address 0x00081fa0
                0x20000000                . = ALIGN (0x4)
                0x20000000                _srelocate = .
 *(.ramfunc .ramfunc.*)
 *(.data .data.*)
 .data          0x20000000        0x4 Device_Startup/system_sam3xa.o
                0x20000000                SystemCoreClock
 *fill*         0x20000004        0x4 
 .data.impure_data
                0x20000008      0x428 c:/program files (x86)/atmel/studio/7.0/toolchain/arm/arm-gnu-toolchain/bin/../lib/gcc/arm-none-eabi/6.3.1/../../../../arm-none-eabi/lib/thumb/v7-m\libc.a(lib_a-impure.o)
 .data.__atexit_recursive_mutex
                0x20000430        0x4 c:/program files (x86)/atmel/studio/7.0/toolchain/arm/arm-gnu-toolchain/bin/../lib/gcc/arm-none-eabi/6.3.1/../../../../arm-none-eabi/lib/thumb/v7-m\libc.a(lib_a-__call_atexit.o)
                0x20000430                __atexit_recursive_mutex
                0x20000434                . = ALIGN (0x4)
                0x20000434                _erelocate = .

.bss            0x20000434       0xc4 load address 0x000823d4
                0x20000434                . = ALIGN (0x4)
                0x20000434                _sbss = .
                0x20000434                _szero = .
 *(.bss .bss.*)
 .bss           0x20000434       0x1c c:/program files (x86)/atmel/studio/7.0/toolchain/arm/arm-gnu-toolchain/bin/../lib/gcc/arm-none-eabi/6.3.1/thumb/v7-m/crtbegin.o
 *(COMMON)
 COMMON         0x20000450       0x2d Analog_IO.o
                0x20000450                game_clock
                0x20000454                encoder_range
                0x20000458                PID
                0x2000047c                TC0_flag
 *fill*         0x2000047d        0x3 
 COMMON         0x20000480        0xe can/can_controller.o
                0x20000480                game
                0x2000048c                game_score
                0x2000048d                game_ended
 *fill*         0x2000048e        0x2 
 COMMON         0x20000490       0x42 uart_and_printf/uart.o
                0x20000490                rx_buffer
 *fill*         0x200004d2        0x2 
 COMMON         0x200004d4       0x21 c:/program files (x86)/atmel/studio/7.0/toolchain/arm/arm-gnu-toolchain/bin/../lib/gcc/arm-none-eabi/6.3.1/../../../../arm-none-eabi/lib/thumb/v7-m\libc.a(lib_a-lock.o)
                0x200004d4                __lock___atexit_recursive_mutex
                0x200004d8                __lock___arc4random_mutex
                0x200004dc                __lock___env_recursive_mutex
                0x200004e0                __lock___sinit_recursive_mutex
                0x200004e4                __lock___malloc_recursive_mutex
                0x200004e8                __lock___at_quick_exit_mutex
                0x200004ec                __lock___dd_hash_mutex
                0x200004f0                __lock___tz_mutex
                0x200004f4                __lock___sfp_recursive_mutex
                0x200004f8                . = ALIGN (0x4)
 *fill*         0x200004f5        0x3 
                0x200004f8                _ebss = .
                0x200004f8                _ezero = .

.stack          0x200004f8      0x400 load address 0x00082498
                0x200004f8                . = ALIGN (0x8)
                0x200004f8                _sstack = .
                0x200008f8                . = (. + STACK_SIZE)
 *fill*         0x200004f8      0x400 
                0x200008f8                . = ALIGN (0x8)
                0x200008f8                _estack = .

.heap           0x200008f8      0x200 load address 0x00082898
                0x200008f8                . = ALIGN (0x8)
                0x200008f8                _sheap = .
                0x20000af8                . = (. + HEAP_SIZE)
 *fill*         0x200008f8      0x200 
                0x20000af8                . = ALIGN (0x8)
                0x20000af8                _eheap = .
                0x20000af8                . = ALIGN (0x4)
                0x20000af8                _end = .
                0x20017fff                _ram_end_ = ((ORIGIN (ram) + LENGTH (ram)) - 0x1)
OUTPUT(Node_2.elf elf32-littlearm)

.ARM.attributes
                0x00000000       0x29
 .ARM.attributes
                0x00000000       0x1d c:/program files (x86)/atmel/studio/7.0/toolchain/arm/arm-gnu-toolchain/bin/../lib/gcc/arm-none-eabi/6.3.1/thumb/v7-m/crti.o
 .ARM.attributes
                0x0000001d       0x2d c:/program files (x86)/atmel/studio/7.0/toolchain/arm/arm-gnu-toolchain/bin/../lib/gcc/arm-none-eabi/6.3.1/thumb/v7-m/crtbegin.o
 .ARM.attributes
                0x0000004a       0x33 Analog_IO.o
 .ARM.attributes
                0x0000007d       0x33 can/can_controller.o
 .ARM.attributes
                0x000000b0       0x33 can/can_interrupt.o
 .ARM.attributes
                0x000000e3       0x33 Device_Startup/startup_sam3xa.o
 .ARM.attributes
                0x00000116       0x33 Device_Startup/system_sam3xa.o
 .ARM.attributes
                0x00000149       0x33 IO.o
 .ARM.attributes
                0x0000017c       0x33 main.o
 .ARM.attributes
                0x000001af       0x33 motor.o
 .ARM.attributes
                0x000001e2       0x33 PWM.o
 .ARM.attributes
                0x00000215       0x33 Timer.o
 .ARM.attributes
                0x00000248       0x33 uart_and_printf/printf_stdarg.o
 .ARM.attributes
                0x0000027b       0x33 uart_and_printf/uart.o
 .ARM.attributes
                0x000002ae       0x1d c:/program files (x86)/atmel/studio/7.0/toolchain/arm/arm-gnu-toolchain/bin/../lib/gcc/arm-none-eabi/6.3.1/thumb/v7-m\libgcc.a(_arm_addsubdf3.o)
 .ARM.attributes
                0x000002cb       0x1d c:/program files (x86)/atmel/studio/7.0/toolchain/arm/arm-gnu-toolchain/bin/../lib/gcc/arm-none-eabi/6.3.1/thumb/v7-m\libgcc.a(_arm_muldivdf3.o)
 .ARM.attributes
                0x000002e8       0x1d c:/program files (x86)/atmel/studio/7.0/toolchain/arm/arm-gnu-toolchain/bin/../lib/gcc/arm-none-eabi/6.3.1/thumb/v7-m\libgcc.a(_arm_fixunsdfsi.o)
 .ARM.attributes
                0x00000305       0x1d c:/program files (x86)/atmel/studio/7.0/toolchain/arm/arm-gnu-toolchain/bin/../lib/gcc/arm-none-eabi/6.3.1/thumb/v7-m\libgcc.a(_arm_addsubsf3.o)
 .ARM.attributes
                0x00000322       0x1d c:/program files (x86)/atmel/studio/7.0/toolchain/arm/arm-gnu-toolchain/bin/../lib/gcc/arm-none-eabi/6.3.1/thumb/v7-m\libgcc.a(_arm_muldivsf3.o)
 .ARM.attributes
                0x0000033f       0x1d c:/program files (x86)/atmel/studio/7.0/toolchain/arm/arm-gnu-toolchain/bin/../lib/gcc/arm-none-eabi/6.3.1/thumb/v7-m\libgcc.a(_arm_cmpsf2.o)
 .ARM.attributes
                0x0000035c       0x1d c:/program files (x86)/atmel/studio/7.0/toolchain/arm/arm-gnu-toolchain/bin/../lib/gcc/arm-none-eabi/6.3.1/thumb/v7-m\libgcc.a(_arm_fixsfsi.o)
 .ARM.attributes
                0x00000379       0x2d c:/program files (x86)/atmel/studio/7.0/toolchain/arm/arm-gnu-toolchain/bin/../lib/gcc/arm-none-eabi/6.3.1/../../../../arm-none-eabi/lib/thumb/v7-m\libc.a(lib_a-impure.o)
 .ARM.attributes
                0x000003a6       0x2d c:/program files (x86)/atmel/studio/7.0/toolchain/arm/arm-gnu-toolchain/bin/../lib/gcc/arm-none-eabi/6.3.1/../../../../arm-none-eabi/lib/thumb/v7-m\libc.a(lib_a-init.o)
 .ARM.attributes
                0x000003d3       0x2d c:/program files (x86)/atmel/studio/7.0/toolchain/arm/arm-gnu-toolchain/bin/../lib/gcc/arm-none-eabi/6.3.1/../../../../arm-none-eabi/lib/thumb/v7-m\libc.a(lib_a-__call_atexit.o)
 .ARM.attributes
                0x00000400       0x2d c:/program files (x86)/atmel/studio/7.0/toolchain/arm/arm-gnu-toolchain/bin/../lib/gcc/arm-none-eabi/6.3.1/../../../../arm-none-eabi/lib/thumb/v7-m\libc.a(lib_a-atexit.o)
 .ARM.attributes
                0x0000042d       0x2d c:/program files (x86)/atmel/studio/7.0/toolchain/arm/arm-gnu-toolchain/bin/../lib/gcc/arm-none-eabi/6.3.1/../../../../arm-none-eabi/lib/thumb/v7-m\libc.a(lib_a-fini.o)
 .ARM.attributes
                0x0000045a       0x2d c:/program files (x86)/atmel/studio/7.0/toolchain/arm/arm-gnu-toolchain/bin/../lib/gcc/arm-none-eabi/6.3.1/../../../../arm-none-eabi/lib/thumb/v7-m\libc.a(lib_a-lock.o)
 .ARM.attributes
                0x00000487       0x2d c:/program files (x86)/atmel/studio/7.0/toolchain/arm/arm-gnu-toolchain/bin/../lib/gcc/arm-none-eabi/6.3.1/../../../../arm-none-eabi/lib/thumb/v7-m\libc.a(lib_a-__atexit.o)
 .ARM.attributes
                0x000004b4       0x1d c:/program files (x86)/atmel/studio/7.0/toolchain/arm/arm-gnu-toolchain/bin/../lib/gcc/arm-none-eabi/6.3.1/thumb/v7-m/crtn.o

.comment        0x00000000       0x59
 .comment       0x00000000       0x59 Analog_IO.o
                                 0x5a (size before relaxing)
 .comment       0x00000059       0x5a can/can_controller.o
 .comment       0x00000059       0x5a can/can_interrupt.o
 .comment       0x00000059       0x5a Device_Startup/startup_sam3xa.o
 .comment       0x00000059       0x5a Device_Startup/system_sam3xa.o
 .comment       0x00000059       0x5a IO.o
 .comment       0x00000059       0x5a main.o
 .comment       0x00000059       0x5a motor.o
 .comment       0x00000059       0x5a PWM.o
 .comment       0x00000059       0x5a Timer.o
 .comment       0x00000059       0x5a uart_and_printf/printf_stdarg.o
 .comment       0x00000059       0x5a uart_and_printf/uart.o

.debug_info     0x00000000     0x98f5
 .debug_info    0x00000000     0x11fd Analog_IO.o
 .debug_info    0x000011fd      0xd9e can/can_controller.o
 .debug_info    0x00001f9b     0x147b can/can_interrupt.o
 .debug_info    0x00003416      0x74e Device_Startup/startup_sam3xa.o
 .debug_info    0x00003b64      0x444 Device_Startup/system_sam3xa.o
 .debug_info    0x00003fa8      0x6c8 IO.o
 .debug_info    0x00004670     0x10db main.o
 .debug_info    0x0000574b     0x10bd motor.o
 .debug_info    0x00006808      0xb4d PWM.o
 .debug_info    0x00007355     0x12f6 Timer.o
 .debug_info    0x0000864b      0x65f uart_and_printf/printf_stdarg.o
 .debug_info    0x00008caa      0xc4b uart_and_printf/uart.o

.debug_abbrev   0x00000000     0x169a
 .debug_abbrev  0x00000000      0x216 Analog_IO.o
 .debug_abbrev  0x00000216      0x223 can/can_controller.o
 .debug_abbrev  0x00000439      0x2ce can/can_interrupt.o
 .debug_abbrev  0x00000707      0x153 Device_Startup/startup_sam3xa.o
 .debug_abbrev  0x0000085a      0x102 Device_Startup/system_sam3xa.o
 .debug_abbrev  0x0000095c       0xcc IO.o
 .debug_abbrev  0x00000a28      0x21e main.o
 .debug_abbrev  0x00000c46      0x256 motor.o
 .debug_abbrev  0x00000e9c       0xf5 PWM.o
 .debug_abbrev  0x00000f91      0x2e8 Timer.o
 .debug_abbrev  0x00001279      0x1e6 uart_and_printf/printf_stdarg.o
 .debug_abbrev  0x0000145f      0x23b uart_and_printf/uart.o

.debug_loc      0x00000000     0x12d2
 .debug_loc     0x00000000       0x77 Analog_IO.o
 .debug_loc     0x00000077      0x2d8 can/can_controller.o
 .debug_loc     0x0000034f       0x78 can/can_interrupt.o
 .debug_loc     0x000003c7       0x6b Device_Startup/startup_sam3xa.o
 .debug_loc     0x00000432       0x20 main.o
 .debug_loc     0x00000452      0x16c motor.o
 .debug_loc     0x000005be       0x47 PWM.o
 .debug_loc     0x00000605       0xf5 Timer.o
 .debug_loc     0x000006fa      0xb0a uart_and_printf/printf_stdarg.o
 .debug_loc     0x00001204       0xce uart_and_printf/uart.o

.debug_aranges  0x00000000      0x248
 .debug_aranges
                0x00000000       0x30 Analog_IO.o
 .debug_aranges
                0x00000030       0x38 can/can_controller.o
 .debug_aranges
                0x00000068       0x20 can/can_interrupt.o
 .debug_aranges
                0x00000088       0x28 Device_Startup/startup_sam3xa.o
 .debug_aranges
                0x000000b0       0x30 Device_Startup/system_sam3xa.o
 .debug_aranges
                0x000000e0       0x20 IO.o
 .debug_aranges
                0x00000100       0x20 main.o
 .debug_aranges
                0x00000120       0x48 motor.o
 .debug_aranges
                0x00000168       0x28 PWM.o
 .debug_aranges
                0x00000190       0x38 Timer.o
 .debug_aranges
                0x000001c8       0x48 uart_and_printf/printf_stdarg.o
 .debug_aranges
                0x00000210       0x38 uart_and_printf/uart.o

.debug_ranges   0x00000000      0x1e8
 .debug_ranges  0x00000000       0x20 Analog_IO.o
 .debug_ranges  0x00000020       0x28 can/can_controller.o
 .debug_ranges  0x00000048       0x28 can/can_interrupt.o
 .debug_ranges  0x00000070       0x18 Device_Startup/startup_sam3xa.o
 .debug_ranges  0x00000088       0x20 Device_Startup/system_sam3xa.o
 .debug_ranges  0x000000a8       0x10 IO.o
 .debug_ranges  0x000000b8       0x10 main.o
 .debug_ranges  0x000000c8       0x38 motor.o
 .debug_ranges  0x00000100       0x18 PWM.o
 .debug_ranges  0x00000118       0x40 Timer.o
 .debug_ranges  0x00000158       0x68 uart_and_printf/printf_stdarg.o
 .debug_ranges  0x000001c0       0x28 uart_and_printf/uart.o

.debug_macro    0x00000000    0x13391
 .debug_macro   0x00000000      0x446 Analog_IO.o
 .debug_macro   0x00000446      0x8b0 Analog_IO.o
 .debug_macro   0x00000cf6       0x22 Analog_IO.o
 .debug_macro   0x00000d18       0x87 Analog_IO.o
 .debug_macro   0x00000d9f       0x51 Analog_IO.o
 .debug_macro   0x00000df0       0xef Analog_IO.o
 .debug_macro   0x00000edf       0x6a Analog_IO.o
 .debug_macro   0x00000f49      0x1df Analog_IO.o
 .debug_macro   0x00001128       0x20 Analog_IO.o
 .debug_macro   0x00001148       0x28 Analog_IO.o
 .debug_macro   0x00001170       0x93 Analog_IO.o
 .debug_macro   0x00001203      0xe18 Analog_IO.o
 .debug_macro   0x0000201b      0xa7d Analog_IO.o
 .debug_macro   0x00002a98      0x55a Analog_IO.o
 .debug_macro   0x00002ff2      0x1a8 Analog_IO.o
 .debug_macro   0x0000319a      0x30b Analog_IO.o
 .debug_macro   0x000034a5      0x709 Analog_IO.o
 .debug_macro   0x00003bae       0xd6 Analog_IO.o
 .debug_macro   0x00003c84      0x56c Analog_IO.o
 .debug_macro   0x000041f0       0x1c Analog_IO.o
 .debug_macro   0x0000420c      0x678 Analog_IO.o
 .debug_macro   0x00004884      0x51e Analog_IO.o
 .debug_macro   0x00004da2       0xbe Analog_IO.o
 .debug_macro   0x00004e60     0x2333 Analog_IO.o
 .debug_macro   0x00007193      0x7d1 Analog_IO.o
 .debug_macro   0x00007964      0xdbb Analog_IO.o
 .debug_macro   0x0000871f       0x9a Analog_IO.o
 .debug_macro   0x000087b9      0x29c Analog_IO.o
 .debug_macro   0x00008a55       0x58 Analog_IO.o
 .debug_macro   0x00008aad      0x999 Analog_IO.o
 .debug_macro   0x00009446      0x22d Analog_IO.o
 .debug_macro   0x00009673      0x4b4 Analog_IO.o
 .debug_macro   0x00009b27      0x64a Analog_IO.o
 .debug_macro   0x0000a171      0x590 Analog_IO.o
 .debug_macro   0x0000a701       0x46 Analog_IO.o
 .debug_macro   0x0000a747      0x33f Analog_IO.o
 .debug_macro   0x0000aa86      0x27e Analog_IO.o
 .debug_macro   0x0000ad04     0x14dc Analog_IO.o
 .debug_macro   0x0000c1e0      0x7cf Analog_IO.o
 .debug_macro   0x0000c9af       0x76 Analog_IO.o
 .debug_macro   0x0000ca25       0x82 Analog_IO.o
 .debug_macro   0x0000caa7       0x76 Analog_IO.o
 .debug_macro   0x0000cb1d       0x4c Analog_IO.o
 .debug_macro   0x0000cb69      0x100 Analog_IO.o
 .debug_macro   0x0000cc69      0x100 Analog_IO.o
 .debug_macro   0x0000cd69      0x100 Analog_IO.o
 .debug_macro   0x0000ce69       0x88 Analog_IO.o
 .debug_macro   0x0000cef1       0x88 Analog_IO.o
 .debug_macro   0x0000cf79      0x3b4 Analog_IO.o
 .debug_macro   0x0000d32d       0xbe Analog_IO.o
 .debug_macro   0x0000d3eb       0xbe Analog_IO.o
 .debug_macro   0x0000d4a9       0xbe Analog_IO.o
 .debug_macro   0x0000d567       0xbe Analog_IO.o
 .debug_macro   0x0000d625      0x2b8 Analog_IO.o
 .debug_macro   0x0000d8dd      0x118 Analog_IO.o
 .debug_macro   0x0000d9f5      0x216 Analog_IO.o
 .debug_macro   0x0000dc0b      0x216 Analog_IO.o
 .debug_macro   0x0000de21       0x2e Analog_IO.o
 .debug_macro   0x0000de4f       0xac Analog_IO.o
 .debug_macro   0x0000defb      0x13e Analog_IO.o
 .debug_macro   0x0000e039       0x7c Analog_IO.o
 .debug_macro   0x0000e0b5      0x1f6 Analog_IO.o
 .debug_macro   0x0000e2ab       0x64 Analog_IO.o
 .debug_macro   0x0000e30f       0xa6 Analog_IO.o
 .debug_macro   0x0000e3b5       0x7c Analog_IO.o
 .debug_macro   0x0000e431       0x16 Analog_IO.o
 .debug_macro   0x0000e447       0x22 Analog_IO.o
 .debug_macro   0x0000e469       0x22 Analog_IO.o
 .debug_macro   0x0000e48b      0x10c Analog_IO.o
 .debug_macro   0x0000e597      0x10c Analog_IO.o
 .debug_macro   0x0000e6a3      0x10c Analog_IO.o
 .debug_macro   0x0000e7af      0x10c Analog_IO.o
 .debug_macro   0x0000e8bb       0x1c Analog_IO.o
 .debug_macro   0x0000e8d7       0x2e Analog_IO.o
 .debug_macro   0x0000e905       0x22 Analog_IO.o
 .debug_macro   0x0000e927       0x1c Analog_IO.o
 .debug_macro   0x0000e943       0x58 Analog_IO.o
 .debug_macro   0x0000e99b       0x10 Analog_IO.o
 .debug_macro   0x0000e9ab      0x27a Analog_IO.o
 .debug_macro   0x0000ec25      0xd34 Analog_IO.o
 .debug_macro   0x0000f959      0x170 Analog_IO.o
 .debug_macro   0x0000fac9       0x10 Analog_IO.o
 .debug_macro   0x0000fad9       0x70 Analog_IO.o
 .debug_macro   0x0000fb49       0x58 Analog_IO.o
 .debug_macro   0x0000fba1       0x35 Analog_IO.o
 .debug_macro   0x0000fbd6       0x9c Analog_IO.o
 .debug_macro   0x0000fc72       0x16 Analog_IO.o
 .debug_macro   0x0000fc88      0x10e Analog_IO.o
 .debug_macro   0x0000fd96       0x86 Analog_IO.o
 .debug_macro   0x0000fe1c       0x58 Analog_IO.o
 .debug_macro   0x0000fe74       0x1f Analog_IO.o
 .debug_macro   0x0000fe93       0x43 Analog_IO.o
 .debug_macro   0x0000fed6       0x20 Analog_IO.o
 .debug_macro   0x0000fef6      0x187 Analog_IO.o
 .debug_macro   0x0001007d      0x353 Analog_IO.o
 .debug_macro   0x000103d0       0x16 Analog_IO.o
 .debug_macro   0x000103e6       0x29 Analog_IO.o
 .debug_macro   0x0001040f      0x35f can/can_controller.o
 .debug_macro   0x0001076e       0x26 can/can_controller.o
 .debug_macro   0x00010794      0x52d can/can_interrupt.o
 .debug_macro   0x00010cc1       0x52 can/can_interrupt.o
 .debug_macro   0x00010d13       0x8d can/can_interrupt.o
 .debug_macro   0x00010da0       0x16 can/can_interrupt.o
 .debug_macro   0x00010db6       0x57 can/can_interrupt.o
 .debug_macro   0x00010e0d       0x97 can/can_interrupt.o
 .debug_macro   0x00010ea4       0xf6 can/can_interrupt.o
 .debug_macro   0x00010f9a       0x10 can/can_interrupt.o
 .debug_macro   0x00010faa       0x10 can/can_interrupt.o
 .debug_macro   0x00010fba       0x1c can/can_interrupt.o
 .debug_macro   0x00010fd6       0x52 can/can_interrupt.o
 .debug_macro   0x00011028       0x40 can/can_interrupt.o
 .debug_macro   0x00011068       0x10 can/can_interrupt.o
 .debug_macro   0x00011078       0x40 can/can_interrupt.o
 .debug_macro   0x000110b8       0xd7 can/can_interrupt.o
 .debug_macro   0x0001118f       0x16 can/can_interrupt.o
 .debug_macro   0x000111a5      0x18b can/can_interrupt.o
 .debug_macro   0x00011330       0x16 can/can_interrupt.o
 .debug_macro   0x00011346       0x35 can/can_interrupt.o
 .debug_macro   0x0001137b      0x351 Device_Startup/startup_sam3xa.o
 .debug_macro   0x000116cc      0x363 Device_Startup/system_sam3xa.o
 .debug_macro   0x00011a2f      0x360 IO.o
 .debug_macro   0x00011d8f       0x6a IO.o
 .debug_macro   0x00011df9      0x527 main.o
 .debug_macro   0x00012320       0x4c main.o
 .debug_macro   0x0001236c       0x10 main.o
 .debug_macro   0x0001237c      0x440 motor.o
 .debug_macro   0x000127bc      0x35b PWM.o
 .debug_macro   0x00012b17      0x440 Timer.o
 .debug_macro   0x00012f57       0x8e uart_and_printf/printf_stdarg.o
 .debug_macro   0x00012fe5       0x58 uart_and_printf/printf_stdarg.o
 .debug_macro   0x0001303d      0x354 uart_and_printf/uart.o

.debug_line     0x00000000     0x586f
 .debug_line    0x00000000      0x7b8 Analog_IO.o
 .debug_line    0x000007b8      0x7ca can/can_controller.o
 .debug_line    0x00000f82      0x8e0 can/can_interrupt.o
 .debug_line    0x00001862      0x6fe Device_Startup/startup_sam3xa.o
 .debug_line    0x00001f60      0x774 Device_Startup/system_sam3xa.o
 .debug_line    0x000026d4      0x6e5 IO.o
 .debug_line    0x00002db9      0x8c6 main.o
 .debug_line    0x0000367f      0x806 motor.o
 .debug_line    0x00003e85      0x6e6 PWM.o
 .debug_line    0x0000456b      0x7e6 Timer.o
 .debug_line    0x00004d51      0x3cb uart_and_printf/printf_stdarg.o
 .debug_line    0x0000511c      0x753 uart_and_printf/uart.o

.debug_str      0x00000000    0x54b47
 .debug_str     0x00000000    0x52638 Analog_IO.o
                              0x528d4 (size before relaxing)
 .debug_str     0x00052638      0x603 can/can_controller.o
                              0x4f86e (size before relaxing)
 .debug_str     0x00052c3b     0x1209 can/can_interrupt.o
                              0x53daa (size before relaxing)
 .debug_str     0x00053e44      0x506 Device_Startup/startup_sam3xa.o
                              0x4f624 (size before relaxing)
 .debug_str     0x0005434a      0x195 Device_Startup/system_sam3xa.o
                              0x4f3b7 (size before relaxing)
 .debug_str     0x000544df       0x12 IO.o
                              0x4f739 (size before relaxing)
 .debug_str     0x000544f1      0x13e main.o
                              0x53b82 (size before relaxing)
 .debug_str     0x0005462f       0x88 motor.o
                              0x52862 (size before relaxing)
 .debug_str     0x000546b7      0x1f1 PWM.o
                              0x4f5e6 (size before relaxing)
 .debug_str     0x000548a8       0xd4 Timer.o
                              0x52a8b (size before relaxing)
 .debug_str     0x0005497c       0xba uart_and_printf/printf_stdarg.o
                               0x3653 (size before relaxing)
 .debug_str     0x00054a36      0x111 uart_and_printf/uart.o
                              0x4f80f (size before relaxing)

.debug_frame    0x00000000      0x8c4
 .debug_frame   0x00000000       0x40 Analog_IO.o
 .debug_frame   0x00000040       0x78 can/can_controller.o
 .debug_frame   0x000000b8       0x30 can/can_interrupt.o
 .debug_frame   0x000000e8       0x38 Device_Startup/startup_sam3xa.o
 .debug_frame   0x00000120       0x40 Device_Startup/system_sam3xa.o
 .debug_frame   0x00000160       0x20 IO.o
 .debug_frame   0x00000180       0x28 main.o
 .debug_frame   0x000001a8       0xb4 motor.o
 .debug_frame   0x0000025c       0x30 PWM.o
 .debug_frame   0x0000028c       0x78 Timer.o
 .debug_frame   0x00000304      0x118 uart_and_printf/printf_stdarg.o
 .debug_frame   0x0000041c       0x58 uart_and_printf/uart.o
 .debug_frame   0x00000474       0xac c:/program files (x86)/atmel/studio/7.0/toolchain/arm/arm-gnu-toolchain/bin/../lib/gcc/arm-none-eabi/6.3.1/thumb/v7-m\libgcc.a(_arm_addsubdf3.o)
 .debug_frame   0x00000520       0x50 c:/program files (x86)/atmel/studio/7.0/toolchain/arm/arm-gnu-toolchain/bin/../lib/gcc/arm-none-eabi/6.3.1/thumb/v7-m\libgcc.a(_arm_muldivdf3.o)
 .debug_frame   0x00000570       0x24 c:/program files (x86)/atmel/studio/7.0/toolchain/arm/arm-gnu-toolchain/bin/../lib/gcc/arm-none-eabi/6.3.1/thumb/v7-m\libgcc.a(_arm_fixunsdfsi.o)
 .debug_frame   0x00000594       0x4c c:/program files (x86)/atmel/studio/7.0/toolchain/arm/arm-gnu-toolchain/bin/../lib/gcc/arm-none-eabi/6.3.1/thumb/v7-m\libgcc.a(_arm_addsubsf3.o)
 .debug_frame   0x000005e0       0x38 c:/program files (x86)/atmel/studio/7.0/toolchain/arm/arm-gnu-toolchain/bin/../lib/gcc/arm-none-eabi/6.3.1/thumb/v7-m\libgcc.a(_arm_muldivsf3.o)
 .debug_frame   0x00000618       0xc8 c:/program files (x86)/atmel/studio/7.0/toolchain/arm/arm-gnu-toolchain/bin/../lib/gcc/arm-none-eabi/6.3.1/thumb/v7-m\libgcc.a(_arm_cmpsf2.o)
 .debug_frame   0x000006e0       0x24 c:/program files (x86)/atmel/studio/7.0/toolchain/arm/arm-gnu-toolchain/bin/../lib/gcc/arm-none-eabi/6.3.1/thumb/v7-m\libgcc.a(_arm_fixsfsi.o)
 .debug_frame   0x00000704       0x2c c:/program files (x86)/atmel/studio/7.0/toolchain/arm/arm-gnu-toolchain/bin/../lib/gcc/arm-none-eabi/6.3.1/../../../../arm-none-eabi/lib/thumb/v7-m\libc.a(lib_a-init.o)
 .debug_frame   0x00000730       0x5c c:/program files (x86)/atmel/studio/7.0/toolchain/arm/arm-gnu-toolchain/bin/../lib/gcc/arm-none-eabi/6.3.1/../../../../arm-none-eabi/lib/thumb/v7-m\libc.a(lib_a-__call_atexit.o)
 .debug_frame   0x0000078c       0x20 c:/program files (x86)/atmel/studio/7.0/toolchain/arm/arm-gnu-toolchain/bin/../lib/gcc/arm-none-eabi/6.3.1/../../../../arm-none-eabi/lib/thumb/v7-m\libc.a(lib_a-atexit.o)
 .debug_frame   0x000007ac       0x34 c:/program files (x86)/atmel/studio/7.0/toolchain/arm/arm-gnu-toolchain/bin/../lib/gcc/arm-none-eabi/6.3.1/../../../../arm-none-eabi/lib/thumb/v7-m\libc.a(lib_a-fini.o)
 .debug_frame   0x000007e0       0xb0 c:/program files (x86)/atmel/studio/7.0/toolchain/arm/arm-gnu-toolchain/bin/../lib/gcc/arm-none-eabi/6.3.1/../../../../arm-none-eabi/lib/thumb/v7-m\libc.a(lib_a-lock.o)
 .debug_frame   0x00000890       0x34 c:/program files (x86)/atmel/studio/7.0/toolchain/arm/arm-gnu-toolchain/bin/../lib/gcc/arm-none-eabi/6.3.1/../../../../arm-none-eabi/lib/thumb/v7-m\libc.a(lib_a-__atexit.o)
