Archive member included to satisfy reference by file (symbol)

c:/program files (x86)/atmel/studio/7.0/toolchain/arm/arm-gnu-toolchain/bin/../lib/gcc/arm-none-eabi/6.3.1/../../../../arm-none-eabi/lib/thumb/v7-m\libc.a(lib_a-exit.o)
                              c:/program files (x86)/atmel/studio/7.0/toolchain/arm/arm-gnu-toolchain/bin/../lib/gcc/arm-none-eabi/6.3.1/../../../../arm-none-eabi/lib/thumb/v7-m/crt0.o (exit)
c:/program files (x86)/atmel/studio/7.0/toolchain/arm/arm-gnu-toolchain/bin/../lib/gcc/arm-none-eabi/6.3.1/../../../../arm-none-eabi/lib/thumb/v7-m\libc.a(lib_a-impure.o)
                              c:/program files (x86)/atmel/studio/7.0/toolchain/arm/arm-gnu-toolchain/bin/../lib/gcc/arm-none-eabi/6.3.1/../../../../arm-none-eabi/lib/thumb/v7-m\libc.a(lib_a-exit.o) (_global_impure_ptr)
c:/program files (x86)/atmel/studio/7.0/toolchain/arm/arm-gnu-toolchain/bin/../lib/gcc/arm-none-eabi/6.3.1/../../../../arm-none-eabi/lib/thumb/v7-m\libc.a(lib_a-init.o)
                              c:/program files (x86)/atmel/studio/7.0/toolchain/arm/arm-gnu-toolchain/bin/../lib/gcc/arm-none-eabi/6.3.1/../../../../arm-none-eabi/lib/thumb/v7-m/crt0.o (__libc_init_array)
c:/program files (x86)/atmel/studio/7.0/toolchain/arm/arm-gnu-toolchain/bin/../lib/gcc/arm-none-eabi/6.3.1/../../../../arm-none-eabi/lib/thumb/v7-m\libc.a(lib_a-memset.o)
                              c:/program files (x86)/atmel/studio/7.0/toolchain/arm/arm-gnu-toolchain/bin/../lib/gcc/arm-none-eabi/6.3.1/../../../../arm-none-eabi/lib/thumb/v7-m/crt0.o (memset)
c:/program files (x86)/atmel/studio/7.0/toolchain/arm/arm-gnu-toolchain/bin/../lib/gcc/arm-none-eabi/6.3.1/../../../../arm-none-eabi/lib/thumb/v7-m\libc.a(lib_a-__call_atexit.o)
                              c:/program files (x86)/atmel/studio/7.0/toolchain/arm/arm-gnu-toolchain/bin/../lib/gcc/arm-none-eabi/6.3.1/../../../../arm-none-eabi/lib/thumb/v7-m\libc.a(lib_a-exit.o) (__call_exitprocs)
c:/program files (x86)/atmel/studio/7.0/toolchain/arm/arm-gnu-toolchain/bin/../lib/gcc/arm-none-eabi/6.3.1/../../../../arm-none-eabi/lib/thumb/v7-m\libc.a(lib_a-atexit.o)
                              c:/program files (x86)/atmel/studio/7.0/toolchain/arm/arm-gnu-toolchain/bin/../lib/gcc/arm-none-eabi/6.3.1/../../../../arm-none-eabi/lib/thumb/v7-m\libc.a(lib_a-__call_atexit.o) (atexit)
c:/program files (x86)/atmel/studio/7.0/toolchain/arm/arm-gnu-toolchain/bin/../lib/gcc/arm-none-eabi/6.3.1/../../../../arm-none-eabi/lib/thumb/v7-m\libc.a(lib_a-fini.o)
                              c:/program files (x86)/atmel/studio/7.0/toolchain/arm/arm-gnu-toolchain/bin/../lib/gcc/arm-none-eabi/6.3.1/../../../../arm-none-eabi/lib/thumb/v7-m\libc.a(lib_a-__call_atexit.o) (__libc_fini_array)
c:/program files (x86)/atmel/studio/7.0/toolchain/arm/arm-gnu-toolchain/bin/../lib/gcc/arm-none-eabi/6.3.1/../../../../arm-none-eabi/lib/thumb/v7-m\libc.a(lib_a-lock.o)
                              c:/program files (x86)/atmel/studio/7.0/toolchain/arm/arm-gnu-toolchain/bin/../lib/gcc/arm-none-eabi/6.3.1/../../../../arm-none-eabi/lib/thumb/v7-m\libc.a(lib_a-__call_atexit.o) (__retarget_lock_acquire_recursive)
c:/program files (x86)/atmel/studio/7.0/toolchain/arm/arm-gnu-toolchain/bin/../lib/gcc/arm-none-eabi/6.3.1/../../../../arm-none-eabi/lib/thumb/v7-m\libc.a(lib_a-__atexit.o)
                              c:/program files (x86)/atmel/studio/7.0/toolchain/arm/arm-gnu-toolchain/bin/../lib/gcc/arm-none-eabi/6.3.1/../../../../arm-none-eabi/lib/thumb/v7-m\libc.a(lib_a-atexit.o) (__register_exitproc)

Allocating common symbols
Common symbol       size              file

__lock___atexit_recursive_mutex
                    0x1               c:/program files (x86)/atmel/studio/7.0/toolchain/arm/arm-gnu-toolchain/bin/../lib/gcc/arm-none-eabi/6.3.1/../../../../arm-none-eabi/lib/thumb/v7-m\libc.a(lib_a-lock.o)
__lock___arc4random_mutex
                    0x1               c:/program files (x86)/atmel/studio/7.0/toolchain/arm/arm-gnu-toolchain/bin/../lib/gcc/arm-none-eabi/6.3.1/../../../../arm-none-eabi/lib/thumb/v7-m\libc.a(lib_a-lock.o)
__lock___env_recursive_mutex
                    0x1               c:/program files (x86)/atmel/studio/7.0/toolchain/arm/arm-gnu-toolchain/bin/../lib/gcc/arm-none-eabi/6.3.1/../../../../arm-none-eabi/lib/thumb/v7-m\libc.a(lib_a-lock.o)
__lock___sinit_recursive_mutex
                    0x1               c:/program files (x86)/atmel/studio/7.0/toolchain/arm/arm-gnu-toolchain/bin/../lib/gcc/arm-none-eabi/6.3.1/../../../../arm-none-eabi/lib/thumb/v7-m\libc.a(lib_a-lock.o)
__lock___malloc_recursive_mutex
                    0x1               c:/program files (x86)/atmel/studio/7.0/toolchain/arm/arm-gnu-toolchain/bin/../lib/gcc/arm-none-eabi/6.3.1/../../../../arm-none-eabi/lib/thumb/v7-m\libc.a(lib_a-lock.o)
rx_buffer           0x42              uart_and_printf/uart.o
test                0xc               main.o
__lock___at_quick_exit_mutex
[...]
Memory Configuration

Name             Origin             Length             Attributes
rom              0x00080000         0x00080000         xr
ram              0x20000000         0x00018000         xrw
*default*        0x00000000         0xffffffff

Linker script and memory map

LOAD c:/program files (x86)/atmel/studio/7.0/toolchain/arm/arm-gnu-toolchain/bin/../lib/gcc/arm-none-eabi/6.3.1/thumb/v7-m/crti.o
LOAD c:/program files (x86)/atmel/studio/7.0/toolchain/arm/arm-gnu-toolchain/bin/../lib/gcc/arm-none-eabi/6.3.1/thumb/v7-m/crtbegin.o
LOAD c:/program files (x86)/atmel/studio/7.0/toolchain/arm/arm-gnu-toolchain/bin/../lib/gcc/arm-none-eabi/6.3.1/../../../../arm-none-eabi/lib/thumb/v7-m/crt0.o
LOAD can/can_controller.o
LOAD can/can_interrupt.o
LOAD Device_Startup/startup_sam3xa.o
LOAD Device_Startup/system_sam3xa.o
LOAD IO.o
LOAD main.o
LOAD PWM.o
LOAD uart_and_printf/printf_stdarg.o
LOAD uart_and_printf/uart.o
START GROUP
LOAD c:/program files (x86)/atmel/studio/7.0/toolchain/arm/arm-gnu-toolchain/bin/../lib/gcc/arm-none-eabi/6.3.1/../../../../arm-none-eabi/lib/thumb/v7-m\libm.a
END GROUP
START GROUP
LOAD c:/program files (x86)/atmel/studio/7.0/toolchain/arm/arm-gnu-toolchain/bin/../lib/gcc/arm-none-eabi/6.3.1/thumb/v7-m\libgcc.a
LOAD c:/program files (x86)/atmel/studio/7.0/toolchain/arm/arm-gnu-toolchain/bin/../lib/gcc/arm-none-eabi/6.3.1/../../../../arm-none-eabi/lib/thumb/v7-m\libc.a
END GROUP
LOAD c:/program files (x86)/atmel/studio/7.0/toolchain/arm/arm-gnu-toolchain/bin/../lib/gcc/arm-none-eabi/6.3.1/thumb/v7-m/crtend.o
LOAD c:/program files (x86)/atmel/studio/7.0/toolchain/arm/arm-gnu-toolchain/bin/../lib/gcc/arm-none-eabi/6.3.1/thumb/v7-m/crtn.o
                0x00000400                STACK_SIZE = DEFINED (STACK_SIZE)?STACK_SIZE:0x400
                0x00000200                HEAP_SIZE = DEFINED (HEAP_SIZE)?HEAP_SIZE:0x200

.text           0x00080000      0xbc4
                0x00080000                . = ALIGN (0x4)
                0x00080000                _sfixed = .
 *(.vectors .vectors.*)
 .vectors       0x00080000       0xf4 Device_Startup/startup_sam3xa.o
                0x00080000                exception_table
 *(.text .text.* .gnu.linkonce.t.*)
 .text          0x000800f4       0x6c c:/program files (x86)/atmel/studio/7.0/toolchain/arm/arm-gnu-toolchain/bin/../lib/gcc/arm-none-eabi/6.3.1/thumb/v7-m/crtbegin.o
 .text.can_init
                0x00080160       0xf0 can/can_controller.o
                0x00080160                can_init
 .text.can_init_def_tx_rx_mb
                0x00080250       0x10 can/can_controller.o
                0x00080250                can_init_def_tx_rx_mb
 .text.can_receive
                0x00080260       0x84 can/can_controller.o
                0x00080260                can_receive
 .text.CAN0_Handler
                0x000802e4       0x88 can/can_interrupt.o
                0x000802e4                CAN0_Handler
 .text.Dummy_Handler
                0x0008036c        0x2 Device_Startup/startup_sam3xa.o
                0x0008036c                DACC_Handler
                0x0008036c                DebugMon_Handler
                0x0008036c                DMAC_Handler
                0x0008036c                TRNG_Handler
                0x0008036c                HardFault_Handler
                0x0008036c                TC2_Handler
                0x0008036c                SysTick_Handler
                0x0008036c                USART3_Handler
                0x0008036c                TWI1_Handler
                0x0008036c                PendSV_Handler
                0x0008036c                NMI_Handler
                0x0008036c                TC7_Handler
                0x0008036c                ADC_Handler
                0x0008036c                SMC_Handler
                0x0008036c                USART0_Handler
                0x0008036c                RTT_Handler
                0x0008036c                EFC1_Handler
                0x0008036c                PIOB_Handler
                0x0008036c                RTC_Handler
                0x0008036c                UsageFault_Handler
                0x0008036c                TC6_Handler
                0x0008036c                WDT_Handler
                0x0008036c                TC4_Handler
                0x0008036c                TC1_Handler
                0x0008036c                HSMCI_Handler
                0x0008036c                TC3_Handler
                0x0008036c                Dummy_Handler
                0x0008036c                TWI0_Handler
                0x0008036c                USART1_Handler
                0x0008036c                PIOA_Handler
                0x0008036c                SSC_Handler
                0x0008036c                EFC0_Handler
                0x0008036c                PMC_Handler
                0x0008036c                PWM_Handler
                0x0008036c                CAN1_Handler
                0x0008036c                MemManage_Handler
                0x0008036c                SUPC_Handler
                0x0008036c                SVC_Handler
                0x0008036c                TC8_Handler
                0x0008036c                USART2_Handler
                0x0008036c                PIOD_Handler
                0x0008036c                EMAC_Handler
                0x0008036c                PIOC_Handler
                0x0008036c                BusFault_Handler
                0x0008036c                RSTC_Handler
                0x0008036c                TC0_Handler
                0x0008036c                TC5_Handler
                0x0008036c                UOTGHS_Handler
                0x0008036c                SPI0_Handler
 *fill*         0x0008036e        0x2 
 .text.Reset_Handler
                0x00080370       0x88 Device_Startup/startup_sam3xa.o
                0x00080370                Reset_Handler
 .text.SystemInit
                0x000803f8       0xa4 Device_Startup/system_sam3xa.o
                0x000803f8                SystemInit
 .text.IO_Init  0x0008049c       0x48 IO.o
                0x0008049c                IO_Init
 .text.main     0x000804e4       0x70 main.o
                0x000804e4                main
 .text.PWM_init
                0x00080554       0x6c PWM.o
                0x00080554                PWM_init
 .text.set_servo_pos
                0x000805c0       0x24 PWM.o
                0x000805c0                set_servo_pos
 .text.prints   0x000805e4       0xac uart_and_printf/printf_stdarg.o
 .text.printi   0x00080690       0xbc uart_and_printf/printf_stdarg.o
 .text.print    0x0008074c      0x160 uart_and_printf/printf_stdarg.o
 .text.printf   0x000808ac       0x24 uart_and_printf/printf_stdarg.o
                0x000808ac                printf
 .text.configure_uart
                0x000808d0       0x68 uart_and_printf/uart.o
                0x000808d0                configure_uart
 .text.uart_putchar
                0x00080938       0x24 uart_and_printf/uart.o
                0x00080938                uart_putchar
 .text.UART_Handler
                0x0008095c       0x68 uart_and_printf/uart.o
                0x0008095c                UART_Handler
 .text.__libc_init_array
                0x000809c4       0x50 c:/program files (x86)/atmel/studio/7.0/toolchain/arm/arm-gnu-toolchain/bin/../lib/gcc/arm-none-eabi/6.3.1/../../../../arm-none-eabi/lib/thumb/v7-m\libc.a(lib_a-init.o)
                0x000809c4                __libc_init_array
 .text.startup.register_fini
                0x00080a14       0x14 c:/program files (x86)/atmel/studio/7.0/toolchain/arm/arm-gnu-toolchain/bin/../lib/gcc/arm-none-eabi/6.3.1/../../../../arm-none-eabi/lib/thumb/v7-m\libc.a(lib_a-__call_atexit.o)
 .text.atexit   0x00080a28        0xc c:/program files (x86)/atmel/studio/7.0/toolchain/arm/arm-gnu-toolchain/bin/../lib/gcc/arm-none-eabi/6.3.1/../../../../arm-none-eabi/lib/thumb/v7-m\libc.a(lib_a-atexit.o)
                0x00080a28                atexit
 .text.__libc_fini_array
                0x00080a34       0x34 c:/program files (x86)/atmel/studio/7.0/toolchain/arm/arm-gnu-toolchain/bin/../lib/gcc/arm-none-eabi/6.3.1/../../../../arm-none-eabi/lib/thumb/v7-m\libc.a(lib_a-fini.o)
                0x00080a34                __libc_fini_array
 .text.__retarget_lock_acquire_recursive
                0x00080a68        0x4 c:/program files (x86)/atmel/studio/7.0/toolchain/arm/arm-gnu-toolchain/bin/../lib/gcc/arm-none-eabi/6.3.1/../../../../arm-none-eabi/lib/thumb/v7-m\libc.a(lib_a-lock.o)
                0x00080a68                __retarget_lock_acquire_recursive
 .text.__retarget_lock_release_recursive
                0x00080a6c        0x4 c:/program files (x86)/atmel/studio/7.0/toolchain/arm/arm-gnu-toolchain/bin/../lib/gcc/arm-none-eabi/6.3.1/../../../../arm-none-eabi/lib/thumb/v7-m\libc.a(lib_a-lock.o)
                0x00080a6c                __retarget_lock_release_recursive
 .text.__register_exitproc
                0x00080a70       0xc4 c:/program files (x86)/atmel/studio/7.0/toolchain/arm/arm-gnu-toolchain/bin/../lib/gcc/arm-none-eabi/6.3.1/../../../../arm-none-eabi/lib/thumb/v7-m\libc.a(lib_a-__atexit.o)
                0x00080a70                __register_exitproc
 *(.glue_7t)
 .glue_7t       0x00080b34        0x0 linker stubs
 *(.glue_7)
 .glue_7        0x00080b34        0x0 linker stubs
 *(.rodata .rodata* .gnu.linkonce.r.*)
 .rodata.str1.4
                0x00080b34       0x2b can/can_interrupt.o
 *fill*         0x00080b5f        0x1 
 .rodata.str1.4
                0x00080b60       0x12 main.o
 *fill*         0x00080b72        0x2 
 .rodata.str1.4
                0x00080b74        0x7 uart_and_printf/printf_stdarg.o
 *fill*         0x00080b7b        0x1 
 .rodata.str1.4
                0x00080b7c       0x20 uart_and_printf/uart.o
                                 0x1e (size before relaxing)
 .rodata._global_impure_ptr
                0x00080b9c        0x4 c:/program files (x86)/atmel/studio/7.0/toolchain/arm/arm-gnu-toolchain/bin/../lib/gcc/arm-none-eabi/6.3.1/../../../../arm-none-eabi/lib/thumb/v7-m\libc.a(lib_a-impure.o)
                0x00080b9c                _global_impure_ptr
 *(.ARM.extab* .gnu.linkonce.armextab.*)
                0x00080ba0                . = ALIGN (0x4)
 *(.init)
 .init          0x00080ba0        0x4 c:/program files (x86)/atmel/studio/7.0/toolchain/arm/arm-gnu-toolchain/bin/../lib/gcc/arm-none-eabi/6.3.1/thumb/v7-m/crti.o
                0x00080ba0                _init
 .init          0x00080ba4        0x8 c:/program files (x86)/atmel/studio/7.0/toolchain/arm/arm-gnu-toolchain/bin/../lib/gcc/arm-none-eabi/6.3.1/thumb/v7-m/crtn.o
                0x00080bac                . = ALIGN (0x4)
                0x00080bac                __preinit_array_start = .
 *(.preinit_array)
                0x00080bac                __preinit_array_end = .
                0x00080bac                . = ALIGN (0x4)
                0x00080bac                __init_array_start = .
 *(SORT(.init_array.*))
 .init_array.00000
                0x00080bac        0x4 c:/program files (x86)/atmel/studio/7.0/toolchain/arm/arm-gnu-toolchain/bin/../lib/gcc/arm-none-eabi/6.3.1/../../../../arm-none-eabi/lib/thumb/v7-m\libc.a(lib_a-__call_atexit.o)
 *(.init_array)
 .init_array    0x00080bb0        0x4 c:/program files (x86)/atmel/studio/7.0/toolchain/arm/arm-gnu-toolchain/bin/../lib/gcc/arm-none-eabi/6.3.1/thumb/v7-m/crtbegin.o
                0x00080bb4                __init_array_end = .
                0x00080bb4                . = ALIGN (0x4)
 *crtbegin.o(.ctors)
 *(EXCLUDE_FILE(*crtend.o) .ctors)
 *(SORT(.ctors.*))
 *crtend.o(.ctors)
                0x00080bb4                . = ALIGN (0x4)
 *(.fini)
 .fini          0x00080bb4        0x4 c:/program files (x86)/atmel/studio/7.0/toolchain/arm/arm-gnu-toolchain/bin/../lib/gcc/arm-none-eabi/6.3.1/thumb/v7-m/crti.o
                0x00080bb4                _fini
 .fini          0x00080bb8        0x8 c:/program files (x86)/atmel/studio/7.0/toolchain/arm/arm-gnu-toolchain/bin/../lib/gcc/arm-none-eabi/6.3.1/thumb/v7-m/crtn.o
                0x00080bc0                . = ALIGN (0x4)
                0x00080bc0                __fini_array_start = .
 *(.fini_array)
 .fini_array    0x00080bc0        0x4 c:/program files (x86)/atmel/studio/7.0/toolchain/arm/arm-gnu-toolchain/bin/../lib/gcc/arm-none-eabi/6.3.1/thumb/v7-m/crtbegin.o
 *(SORT(.fini_array.*))
                0x00080bc4                __fini_array_end = .
 *crtbegin.o(.dtors)
 *(EXCLUDE_FILE(*crtend.o) .dtors)
 *(SORT(.dtors.*))
 *crtend.o(.dtors)
                0x00080bc4                . = ALIGN (0x4)
                0x00080bc4                _efixed = .
                [!provide]                PROVIDE (__exidx_start, .)

.vfp11_veneer   0x00080bc4        0x0
 .vfp11_veneer  0x00080bc4        0x0 linker stubs

.v4_bx          0x00080bc4        0x0
 .v4_bx         0x00080bc4        0x0 linker stubs

.iplt           0x00080bc4        0x0
 .iplt          0x00080bc4        0x0 c:/program files (x86)/atmel/studio/7.0/toolchain/arm/arm-gnu-toolchain/bin/../lib/gcc/arm-none-eabi/6.3.1/thumb/v7-m/crtbegin.o

.eh_frame       0x00080bc4        0x0
 .eh_frame      0x00080bc4        0x0 c:/program files (x86)/atmel/studio/7.0/toolchain/arm/arm-gnu-toolchain/bin/../lib/gcc/arm-none-eabi/6.3.1/thumb/v7-m/crtbegin.o

.rel.dyn        0x00080bc4        0x0
 .rel.iplt      0x00080bc4        0x0 c:/program files (x86)/atmel/studio/7.0/toolchain/arm/arm-gnu-toolchain/bin/../lib/gcc/arm-none-eabi/6.3.1/thumb/v7-m/crtbegin.o

.jcr            0x00080bc4        0x0
 .jcr           0x00080bc4        0x0 c:/program files (x86)/atmel/studio/7.0/toolchain/arm/arm-gnu-toolchain/bin/../lib/gcc/arm-none-eabi/6.3.1/thumb/v7-m/crtbegin.o

.igot.plt       0x00080bc4        0x0
 .igot.plt      0x00080bc4        0x0 c:/program files (x86)/atmel/studio/7.0/toolchain/arm/arm-gnu-toolchain/bin/../lib/gcc/arm-none-eabi/6.3.1/thumb/v7-m/crtbegin.o

.ARM.exidx
 *(.ARM.exidx* .gnu.linkonce.armexidx.*)
                [!provide]                PROVIDE (__exidx_end, .)
                0x00080bc4                . = ALIGN (0x4)
                0x00080bc4                _etext = .

.relocate       0x20000000      0x434 load address 0x00080bc4
                0x20000000                . = ALIGN (0x4)
                0x20000000                _srelocate = .
 *(.ramfunc .ramfunc.*)
 *(.data .data.*)
 .data          0x20000000        0x4 Device_Startup/system_sam3xa.o
                0x20000000                SystemCoreClock
 *fill*         0x20000004        0x4 
 .data.impure_data
                0x20000008      0x428 c:/program files (x86)/atmel/studio/7.0/toolchain/arm/arm-gnu-toolchain/bin/../lib/gcc/arm-none-eabi/6.3.1/../../../../arm-none-eabi/lib/thumb/v7-m\libc.a(lib_a-impure.o)
 .data.__atexit_recursive_mutex
                0x20000430        0x4 c:/program files (x86)/atmel/studio/7.0/toolchain/arm/arm-gnu-toolchain/bin/../lib/gcc/arm-none-eabi/6.3.1/../../../../arm-none-eabi/lib/thumb/v7-m\libc.a(lib_a-__call_atexit.o)
                0x20000430                __atexit_recursive_mutex
                0x20000434                . = ALIGN (0x4)
                0x20000434                _erelocate = .

.bss            0x20000434       0x90 load address 0x00080ff8
                0x20000434                . = ALIGN (0x4)
                0x20000434                _sbss = .
                0x20000434                _szero = .
 *(.bss .bss.*)
 .bss           0x20000434       0x1c c:/program files (x86)/atmel/studio/7.0/toolchain/arm/arm-gnu-toolchain/bin/../lib/gcc/arm-none-eabi/6.3.1/thumb/v7-m/crtbegin.o
 *(COMMON)
 COMMON         0x20000450        0xc main.o
                0x20000450                test
 COMMON         0x2000045c       0x42 uart_and_printf/uart.o
                0x2000045c                rx_buffer
 *fill*         0x2000049e        0x2 
 COMMON         0x200004a0       0x21 c:/program files (x86)/atmel/studio/7.0/toolchain/arm/arm-gnu-toolchain/bin/../lib/gcc/arm-none-eabi/6.3.1/../../../../arm-none-eabi/lib/thumb/v7-m\libc.a(lib_a-lock.o)
                0x200004a0                __lock___atexit_recursive_mutex
                0x200004a4                __lock___arc4random_mutex
                0x200004a8                __lock___env_recursive_mutex
                0x200004ac                __lock___sinit_recursive_mutex
                0x200004b0                __lock___malloc_recursive_mutex
                0x200004b4                __lock___at_quick_exit_mutex
                0x200004b8                __lock___dd_hash_mutex
                0x200004bc                __lock___tz_mutex
                0x200004c0                __lock___sfp_recursive_mutex
                0x200004c4                . = ALIGN (0x4)
 *fill*         0x200004c1        0x3 
                0x200004c4                _ebss = .
                0x200004c4                _ezero = .

.stack          0x200004c4      0x404 load address 0x00081088
                0x200004c8                . = ALIGN (0x8)
 *fill*         0x200004c4        0x4 
                0x200004c8                _sstack = .
                0x200008c8                . = (. + STACK_SIZE)
 *fill*         0x200004c8      0x400 
                0x200008c8                . = ALIGN (0x8)
                0x200008c8                _estack = .

.heap           0x200008c8      0x200 load address 0x0008148c
                0x200008c8                . = ALIGN (0x8)
                0x200008c8                _sheap = .
                0x20000ac8                . = (. + HEAP_SIZE)
 *fill*         0x200008c8      0x200 
                0x20000ac8                . = ALIGN (0x8)
                0x20000ac8                _eheap = .
                0x20000ac8                . = ALIGN (0x4)
                0x20000ac8                _end = .
                0x20017fff                _ram_end_ = ((ORIGIN (ram) + LENGTH (ram)) - 0x1)
OUTPUT(Node_2.elf elf32-littlearm)

.ARM.attributes
                0x00000000       0x29
 .ARM.attributes
                0x00000000       0x1d c:/program files (x86)/atmel/studio/7.0/toolchain/arm/arm-gnu-toolchain/bin/../lib/gcc/arm-none-eabi/6.3.1/thumb/v7-m/crti.o
 .ARM.attributes
                0x0000001d       0x2d c:/program files (x86)/atmel/studio/7.0/toolchain/arm/arm-gnu-toolchain/bin/../lib/gcc/arm-none-eabi/6.3.1/thumb/v7-m/crtbegin.o
 .ARM.attributes
                0x0000004a       0x33 can/can_controller.o
 .ARM.attributes
                0x0000007d       0x33 can/can_interrupt.o
 .ARM.attributes
                0x000000b0       0x33 Device_Startup/startup_sam3xa.o
 .ARM.attributes
                0x000000e3       0x33 Device_Startup/system_sam3xa.o
 .ARM.attributes
                0x00000116       0x33 IO.o
 .ARM.attributes
                0x00000149       0x33 main.o
 .ARM.attributes
                0x0000017c       0x33 PWM.o
 .ARM.attributes
                0x000001af       0x33 uart_and_printf/printf_stdarg.o
 .ARM.attributes
                0x000001e2       0x33 uart_and_printf/uart.o
 .ARM.attributes
                0x00000215       0x2d c:/program files (x86)/atmel/studio/7.0/toolchain/arm/arm-gnu-toolchain/bin/../lib/gcc/arm-none-eabi/6.3.1/../../../../arm-none-eabi/lib/thumb/v7-m\libc.a(lib_a-impure.o)
 .ARM.attributes
                0x00000242       0x2d c:/program files (x86)/atmel/studio/7.0/toolchain/arm/arm-gnu-toolchain/bin/../lib/gcc/arm-none-eabi/6.3.1/../../../../arm-none-eabi/lib/thumb/v7-m\libc.a(lib_a-init.o)
 .ARM.attributes
                0x0000026f       0x2d c:/program files (x86)/atmel/studio/7.0/toolchain/arm/arm-gnu-toolchain/bin/../lib/gcc/arm-none-eabi/6.3.1/../../../../arm-none-eabi/lib/thumb/v7-m\libc.a(lib_a-__call_atexit.o)
 .ARM.attributes
                0x0000029c       0x2d c:/program files (x86)/atmel/studio/7.0/toolchain/arm/arm-gnu-toolchain/bin/../lib/gcc/arm-none-eabi/6.3.1/../../../../arm-none-eabi/lib/thumb/v7-m\libc.a(lib_a-atexit.o)
 .ARM.attributes
                0x000002c9       0x2d c:/program files (x86)/atmel/studio/7.0/toolchain/arm/arm-gnu-toolchain/bin/../lib/gcc/arm-none-eabi/6.3.1/../../../../arm-none-eabi/lib/thumb/v7-m\libc.a(lib_a-fini.o)
 .ARM.attributes
                0x000002f6       0x2d c:/program files (x86)/atmel/studio/7.0/toolchain/arm/arm-gnu-toolchain/bin/../lib/gcc/arm-none-eabi/6.3.1/../../../../arm-none-eabi/lib/thumb/v7-m\libc.a(lib_a-lock.o)
 .ARM.attributes
                0x00000323       0x2d c:/program files (x86)/atmel/studio/7.0/toolchain/arm/arm-gnu-toolchain/bin/../lib/gcc/arm-none-eabi/6.3.1/../../../../arm-none-eabi/lib/thumb/v7-m\libc.a(lib_a-__atexit.o)
 .ARM.attributes
                0x00000350       0x1d c:/program files (x86)/atmel/studio/7.0/toolchain/arm/arm-gnu-toolchain/bin/../lib/gcc/arm-none-eabi/6.3.1/thumb/v7-m/crtn.o

.comment        0x00000000       0x59
 .comment       0x00000000       0x59 can/can_controller.o
                                 0x5a (size before relaxing)
 .comment       0x00000059       0x5a can/can_interrupt.o
 .comment       0x00000059       0x5a Device_Startup/startup_sam3xa.o
 .comment       0x00000059       0x5a Device_Startup/system_sam3xa.o
 .comment       0x00000059       0x5a IO.o
 .comment       0x00000059       0x5a main.o
 .comment       0x00000059       0x5a PWM.o
 .comment       0x00000059       0x5a uart_and_printf/printf_stdarg.o
 .comment       0x00000059       0x5a uart_and_printf/uart.o

.debug_info     0x00000000     0x5c37
 .debug_info    0x00000000      0xd68 can/can_controller.o
 .debug_info    0x00000d68      0xf99 can/can_interrupt.o
 .debug_info    0x00001d01      0x74e Device_Startup/startup_sam3xa.o
 .debug_info    0x0000244f      0x444 Device_Startup/system_sam3xa.o
 .debug_info    0x00002893      0x6c8 IO.o
 .debug_info    0x00002f5b      0xecf main.o
 .debug_info    0x00003e2a      0xb63 PWM.o
 .debug_info    0x0000498d      0x65f uart_and_printf/printf_stdarg.o
 .debug_info    0x00004fec      0xc4b uart_and_printf/uart.o

.debug_abbrev   0x00000000      0xf02
 .debug_abbrev  0x00000000      0x212 can/can_controller.o
 .debug_abbrev  0x00000212      0x2ac can/can_interrupt.o
 .debug_abbrev  0x000004be      0x153 Device_Startup/startup_sam3xa.o
 .debug_abbrev  0x00000611      0x102 Device_Startup/system_sam3xa.o
 .debug_abbrev  0x00000713       0xcc IO.o
 .debug_abbrev  0x000007df      0x20d main.o
 .debug_abbrev  0x000009ec       0xf5 PWM.o
 .debug_abbrev  0x00000ae1      0x1e6 uart_and_printf/printf_stdarg.o
 .debug_abbrev  0x00000cc7      0x23b uart_and_printf/uart.o

.debug_loc      0x00000000      0xfd4
 .debug_loc     0x00000000      0x2d8 can/can_controller.o
 .debug_loc     0x000002d8       0x78 can/can_interrupt.o
 .debug_loc     0x00000350       0x6b Device_Startup/startup_sam3xa.o
 .debug_loc     0x000003bb       0x20 main.o
 .debug_loc     0x000003db       0x21 PWM.o
 .debug_loc     0x000003fc      0xb0a uart_and_printf/printf_stdarg.o
 .debug_loc     0x00000f06       0xce uart_and_printf/uart.o

.debug_aranges  0x00000000      0x198
 .debug_aranges
                0x00000000       0x38 can/can_controller.o
 .debug_aranges
                0x00000038       0x20 can/can_interrupt.o
 .debug_aranges
                0x00000058       0x28 Device_Startup/startup_sam3xa.o
 .debug_aranges
                0x00000080       0x30 Device_Startup/system_sam3xa.o
 .debug_aranges
                0x000000b0       0x20 IO.o
 .debug_aranges
                0x000000d0       0x20 main.o
 .debug_aranges
                0x000000f0       0x28 PWM.o
 .debug_aranges
                0x00000118       0x48 uart_and_printf/printf_stdarg.o
 .debug_aranges
                0x00000160       0x38 uart_and_printf/uart.o

.debug_ranges   0x00000000      0x150
 .debug_ranges  0x00000000       0x28 can/can_controller.o
 .debug_ranges  0x00000028       0x28 can/can_interrupt.o
 .debug_ranges  0x00000050       0x18 Device_Startup/startup_sam3xa.o
 .debug_ranges  0x00000068       0x20 Device_Startup/system_sam3xa.o
 .debug_ranges  0x00000088       0x10 IO.o
 .debug_ranges  0x00000098       0x10 main.o
 .debug_ranges  0x000000a8       0x18 PWM.o
 .debug_ranges  0x000000c0       0x68 uart_and_printf/printf_stdarg.o
 .debug_ranges  0x00000128       0x28 uart_and_printf/uart.o

.debug_macro    0x00000000    0x122d8
 .debug_macro   0x00000000      0x35f can/can_controller.o
 .debug_macro   0x0000035f      0x8b0 can/can_controller.o
 .debug_macro   0x00000c0f       0x22 can/can_controller.o
 .debug_macro   0x00000c31       0x87 can/can_controller.o
 .debug_macro   0x00000cb8       0x51 can/can_controller.o
 .debug_macro   0x00000d09       0xef can/can_controller.o
 .debug_macro   0x00000df8       0x6a can/can_controller.o
 .debug_macro   0x00000e62      0x1df can/can_controller.o
 .debug_macro   0x00001041       0x26 can/can_controller.o
 .debug_macro   0x00001067       0x28 can/can_controller.o
 .debug_macro   0x0000108f       0x93 can/can_controller.o
 .debug_macro   0x00001122      0xe18 can/can_controller.o
 .debug_macro   0x00001f3a      0xa7d can/can_controller.o
 .debug_macro   0x000029b7      0x55a can/can_controller.o
 .debug_macro   0x00002f11      0x1a8 can/can_controller.o
 .debug_macro   0x000030b9      0x30b can/can_controller.o
 .debug_macro   0x000033c4      0x709 can/can_controller.o
 .debug_macro   0x00003acd       0xd6 can/can_controller.o
 .debug_macro   0x00003ba3      0x56c can/can_controller.o
 .debug_macro   0x0000410f       0x1c can/can_controller.o
 .debug_macro   0x0000412b      0x678 can/can_controller.o
 .debug_macro   0x000047a3      0x51e can/can_controller.o
 .debug_macro   0x00004cc1       0xbe can/can_controller.o
 .debug_macro   0x00004d7f     0x2333 can/can_controller.o
 .debug_macro   0x000070b2      0x7d1 can/can_controller.o
 .debug_macro   0x00007883      0xdbb can/can_controller.o
 .debug_macro   0x0000863e       0x9a can/can_controller.o
 .debug_macro   0x000086d8      0x29c can/can_controller.o
 .debug_macro   0x00008974       0x58 can/can_controller.o
 .debug_macro   0x000089cc      0x999 can/can_controller.o
 .debug_macro   0x00009365      0x22d can/can_controller.o
 .debug_macro   0x00009592      0x4b4 can/can_controller.o
 .debug_macro   0x00009a46      0x64a can/can_controller.o
 .debug_macro   0x0000a090      0x590 can/can_controller.o
 .debug_macro   0x0000a620       0x46 can/can_controller.o
 .debug_macro   0x0000a666      0x33f can/can_controller.o
 .debug_macro   0x0000a9a5      0x27e can/can_controller.o
 .debug_macro   0x0000ac23     0x14dc can/can_controller.o
 .debug_macro   0x0000c0ff      0x7cf can/can_controller.o
 .debug_macro   0x0000c8ce       0x76 can/can_controller.o
 .debug_macro   0x0000c944       0x82 can/can_controller.o
 .debug_macro   0x0000c9c6       0x76 can/can_controller.o
 .debug_macro   0x0000ca3c       0x4c can/can_controller.o
 .debug_macro   0x0000ca88      0x100 can/can_controller.o
 .debug_macro   0x0000cb88      0x100 can/can_controller.o
 .debug_macro   0x0000cc88      0x100 can/can_controller.o
 .debug_macro   0x0000cd88       0x88 can/can_controller.o
 .debug_macro   0x0000ce10       0x88 can/can_controller.o
 .debug_macro   0x0000ce98      0x3b4 can/can_controller.o
 .debug_macro   0x0000d24c       0xbe can/can_controller.o
 .debug_macro   0x0000d30a       0xbe can/can_controller.o
 .debug_macro   0x0000d3c8       0xbe can/can_controller.o
 .debug_macro   0x0000d486       0xbe can/can_controller.o
 .debug_macro   0x0000d544      0x2b8 can/can_controller.o
 .debug_macro   0x0000d7fc      0x118 can/can_controller.o
 .debug_macro   0x0000d914      0x216 can/can_controller.o
 .debug_macro   0x0000db2a      0x216 can/can_controller.o
 .debug_macro   0x0000dd40       0x2e can/can_controller.o
 .debug_macro   0x0000dd6e       0xac can/can_controller.o
 .debug_macro   0x0000de1a      0x13e can/can_controller.o
 .debug_macro   0x0000df58       0x7c can/can_controller.o
 .debug_macro   0x0000dfd4      0x1f6 can/can_controller.o
 .debug_macro   0x0000e1ca       0x64 can/can_controller.o
 .debug_macro   0x0000e22e       0xa6 can/can_controller.o
 .debug_macro   0x0000e2d4       0x7c can/can_controller.o
 .debug_macro   0x0000e350       0x16 can/can_controller.o
 .debug_macro   0x0000e366       0x22 can/can_controller.o
 .debug_macro   0x0000e388       0x22 can/can_controller.o
 .debug_macro   0x0000e3aa      0x10c can/can_controller.o
 .debug_macro   0x0000e4b6      0x10c can/can_controller.o
 .debug_macro   0x0000e5c2      0x10c can/can_controller.o
 .debug_macro   0x0000e6ce      0x10c can/can_controller.o
 .debug_macro   0x0000e7da       0x1c can/can_controller.o
 .debug_macro   0x0000e7f6       0x2e can/can_controller.o
 .debug_macro   0x0000e824       0x22 can/can_controller.o
 .debug_macro   0x0000e846       0x1c can/can_controller.o
 .debug_macro   0x0000e862       0x58 can/can_controller.o
 .debug_macro   0x0000e8ba       0x10 can/can_controller.o
 .debug_macro   0x0000e8ca      0x27a can/can_controller.o
 .debug_macro   0x0000eb44      0xd34 can/can_controller.o
 .debug_macro   0x0000f878      0x170 can/can_controller.o
 .debug_macro   0x0000f9e8      0x4c7 can/can_interrupt.o
 .debug_macro   0x0000feaf       0x52 can/can_interrupt.o
 .debug_macro   0x0000ff01       0x8d can/can_interrupt.o
 .debug_macro   0x0000ff8e       0x35 can/can_interrupt.o
 .debug_macro   0x0000ffc3       0x9c can/can_interrupt.o
 .debug_macro   0x0001005f       0x16 can/can_interrupt.o
 .debug_macro   0x00010075       0x57 can/can_interrupt.o
 .debug_macro   0x000100cc       0x97 can/can_interrupt.o
 .debug_macro   0x00010163      0x353 can/can_interrupt.o
 .debug_macro   0x000104b6       0xf6 can/can_interrupt.o
 .debug_macro   0x000105ac       0x10 can/can_interrupt.o
 .debug_macro   0x000105bc       0x58 can/can_interrupt.o
 .debug_macro   0x00010614       0x1f can/can_interrupt.o
 .debug_macro   0x00010633       0x43 can/can_interrupt.o
 .debug_macro   0x00010676       0x20 can/can_interrupt.o
 .debug_macro   0x00010696      0x187 can/can_interrupt.o
 .debug_macro   0x0001081d       0x10 can/can_interrupt.o
 .debug_macro   0x0001082d       0x1c can/can_interrupt.o
 .debug_macro   0x00010849       0x52 can/can_interrupt.o
 .debug_macro   0x0001089b       0x40 can/can_interrupt.o
 .debug_macro   0x000108db       0x10 can/can_interrupt.o
 .debug_macro   0x000108eb       0x40 can/can_interrupt.o
 .debug_macro   0x0001092b       0xd7 can/can_interrupt.o
 .debug_macro   0x00010a02       0x16 can/can_interrupt.o
 .debug_macro   0x00010a18      0x18b can/can_interrupt.o
 .debug_macro   0x00010ba3       0x20 can/can_interrupt.o
 .debug_macro   0x00010bc3      0x351 Device_Startup/startup_sam3xa.o
 .debug_macro   0x00010f14      0x363 Device_Startup/system_sam3xa.o
 .debug_macro   0x00011277      0x360 IO.o
 .debug_macro   0x000115d7       0x1c IO.o
 .debug_macro   0x000115f3      0x4d2 main.o
 .debug_macro   0x00011ac5       0x4c main.o
 .debug_macro   0x00011b11       0x10 main.o
 .debug_macro   0x00011b21       0x22 main.o
 .debug_macro   0x00011b43      0x35b PWM.o
 .debug_macro   0x00011e9e       0x8e uart_and_printf/printf_stdarg.o
 .debug_macro   0x00011f2c       0x58 uart_and_printf/printf_stdarg.o
 .debug_macro   0x00011f84      0x354 uart_and_printf/uart.o

.debug_line     0x00000000     0x3feb
 .debug_line    0x00000000      0x7ca can/can_controller.o
 .debug_line    0x000007ca      0x882 can/can_interrupt.o
 .debug_line    0x0000104c      0x6fe Device_Startup/startup_sam3xa.o
 .debug_line    0x0000174a      0x774 Device_Startup/system_sam3xa.o
 .debug_line    0x00001ebe      0x6d0 IO.o
 .debug_line    0x0000258e      0x859 main.o
 .debug_line    0x00002de7      0x6e6 PWM.o
 .debug_line    0x000034cd      0x3cb uart_and_printf/printf_stdarg.o
 .debug_line    0x00003898      0x753 uart_and_printf/uart.o

.debug_str      0x00000000    0x543b4
 .debug_str     0x00000000    0x4f67e can/can_controller.o
                              0x4f853 (size before relaxing)
 .debug_str     0x0004f67e     0x40da can/can_interrupt.o
                              0x53694 (size before relaxing)
 .debug_str     0x00053758      0x506 Device_Startup/startup_sam3xa.o
                              0x4f624 (size before relaxing)
 .debug_str     0x00053c5e      0x195 Device_Startup/system_sam3xa.o
                              0x4f3b7 (size before relaxing)
 .debug_str     0x00053df3       0xd8 IO.o
                              0x4f4af (size before relaxing)
 .debug_str     0x00053ecb      0x12d main.o
                              0x536e3 (size before relaxing)
 .debug_str     0x00053ff8      0x1f1 PWM.o
                              0x4f5f8 (size before relaxing)
 .debug_str     0x000541e9       0xba uart_and_printf/printf_stdarg.o
                               0x3653 (size before relaxing)
 .debug_str     0x000542a3      0x111 uart_and_printf/uart.o
                              0x4f80f (size before relaxing)

.debug_frame    0x00000000      0x4c8
 .debug_frame   0x00000000       0x78 can/can_controller.o
 .debug_frame   0x00000078       0x30 can/can_interrupt.o
 .debug_frame   0x000000a8       0x38 Device_Startup/startup_sam3xa.o
 .debug_frame   0x000000e0       0x40 Device_Startup/system_sam3xa.o
 .debug_frame   0x00000120       0x20 IO.o
 .debug_frame   0x00000140       0x28 main.o
 .debug_frame   0x00000168       0x30 PWM.o
 .debug_frame   0x00000198      0x118 uart_and_printf/printf_stdarg.o
 .debug_frame   0x000002b0       0x58 uart_and_printf/uart.o
 .debug_frame   0x00000308       0x2c c:/program files (x86)/atmel/studio/7.0/toolchain/arm/arm-gnu-toolchain/bin/../lib/gcc/arm-none-eabi/6.3.1/../../../../arm-none-eabi/lib/thumb/v7-m\libc.a(lib_a-init.o)
 .debug_frame   0x00000334       0x5c c:/program files (x86)/atmel/studio/7.0/toolchain/arm/arm-gnu-toolchain/bin/../lib/gcc/arm-none-eabi/6.3.1/../../../../arm-none-eabi/lib/thumb/v7-m\libc.a(lib_a-__call_atexit.o)
 .debug_frame   0x00000390       0x20 c:/program files (x86)/atmel/studio/7.0/toolchain/arm/arm-gnu-toolchain/bin/../lib/gcc/arm-none-eabi/6.3.1/../../../../arm-none-eabi/lib/thumb/v7-m\libc.a(lib_a-atexit.o)
 .debug_frame   0x000003b0       0x34 c:/program files (x86)/atmel/studio/7.0/toolchain/arm/arm-gnu-toolchain/bin/../lib/gcc/arm-none-eabi/6.3.1/../../../../arm-none-eabi/lib/thumb/v7-m\libc.a(lib_a-fini.o)
 .debug_frame   0x000003e4       0xb0 c:/program files (x86)/atmel/studio/7.0/toolchain/arm/arm-gnu-toolchain/bin/../lib/gcc/arm-none-eabi/6.3.1/../../../../arm-none-eabi/lib/thumb/v7-m\libc.a(lib_a-lock.o)
 .debug_frame   0x00000494       0x34 c:/program files (x86)/atmel/studio/7.0/toolchain/arm/arm-gnu-toolchain/bin/../lib/gcc/arm-none-eabi/6.3.1/../../../../arm-none-eabi/lib/thumb/v7-m\libc.a(lib_a-__atexit.o)
